<html>
<body>
<pre>
<h1>礦ision Build Log</h1>
<h2>Tool Versions:</h2>
IDE-Version: μVision V5.27.1.0
Copyright (C) 2019 ARM Ltd and ARM Germany GmbH. All rights reserved.
License Information: T Microsoft, Microsoft, LIC=47GUH-WHPQ9-9U94U-SZSCD-0QQ6K-7D0BA
 
Tool Versions:
Toolchain:       MDK-ARM Plus  Version: 5.27.1.0
Toolchain Path:  C:\Keil_v5\ARM\ARMCC\Bin
C Compiler:      Armcc.exe V5.06 update 6 (build 750)
Assembler:       Armasm.exe V5.06 update 6 (build 750)
Linker/Locator:  ArmLink.exe V5.06 update 6 (build 750)
Library Manager: ArmAr.exe V5.06 update 6 (build 750)
Hex Converter:   FromElf.exe V5.06 update 6 (build 750)
CPU DLL:         SARMCM3.DLL V5.27.1.0
Dialog DLL:      DCM.DLL V1.17.2.0
Target DLL:      STLink\ST-LINKIII-KEIL_SWO.dll V3.0.6.0
Dialog DLL:      TCM.DLL V1.36.1.0
 
<h2>Project:</h2>
E:\stm32\正点原子\阿波罗_STM32F429\阿波罗F429-A盘-资料-1\4，程序源码\3，扩展例程\2，LWIP扩展例程\网络实验6 RAW_Webserver实验\USER\NETWORK.uvprojx
Project File Date:  04/01/2020

<h2>Output:</h2>
*** Using Compiler 'V5.06 update 6 (build 750)', folder: 'C:\Keil_v5\ARM\ARMCC\Bin'
Rebuild target 'NETWORK'
assembling startup_stm32f429xx.s...
compiling system_stm32f4xx.c...
compiling stm32f4xx_hal_gpio.c...
compiling stm32f4xx_hal_cortex.c...
compiling stm32f4xx_hal_pwr.c...
compiling main.c...
compiling stm32f4xx_hal.c...
compiling stm32f4xx_it.c...
compiling stm32f4xx_hal_pwr_ex.c...
compiling stm32f4xx_hal_dma.c...
compiling stm32f4xx_hal_usart.c...
compiling stm32f4xx_hal_rcc_ex.c...
compiling stm32f4xx_hal_tim.c...
compiling stm32f4xx_hal_dma_ex.c...
compiling stm32f4xx_hal_rcc.c...
compiling stm32f4xx_hal_uart.c...
compiling stm32f4xx_hal_tim_ex.c...
compiling stm32f4xx_hal_sdram.c...
compiling stm32f4xx_hal_sram.c...
compiling stm32f4xx_hal_eth.c...
compiling stm32f4xx_hal_ltdc.c...
compiling stm32f4xx_hal_ltdc_ex.c...
compiling stm32f4xx_hal_dma2d.c...
compiling stm32f4xx_ll_fmc.c...
compiling stm32f4xx_hal_adc.c...
compiling usart.c...
compiling delay.c...
compiling stm32f4xx_hal_rtc.c...
compiling stm32f4xx_hal_adc_ex.c...
compiling sys.c...
compiling stm32f4xx_hal_rtc_ex.c...
compiling led.c...
compiling key.c...
compiling sdram.c...
compiling pcf8574.c...
compiling myiic.c...
compiling lan8720.c...
compiling ltdc.c...
compiling lcd.c...
compiling timer.c...
compiling rtc.c...
compiling fs.c...
compiling adc.c...
compiling usmart_config.c...
compiling usmart.c...
compiling usmart_str.c...
compiling lwip_comm.c...
compiling malloc.c...
compiling igmp.c...
compiling icmp.c...
compiling etharp.c...
compiling autoip.c...
compiling inet_chksum.c...
compiling ip_addr.c...
compiling inet.c...
compiling ip.c...
compiling dhcp.c...
compiling def.c...
compiling ip_frag.c...
compiling dns.c...
compiling lwip_sys.c...
compiling memp.c...
compiling init.c...
compiling mem.c...
compiling pbuf.c...
compiling httpd.c...
compiling stats.c...
compiling netif.c...
compiling raw.c...
compiling httpd_cgi_ssi.c...
compiling ethernetif.c...
compiling tcp.c...
compiling timers.c...
compiling api_lib.c...
compiling udp.c...
compiling tcp_out.c...
..\LWIP\lwip-1.4.1\src\core\tcp_out.c(845): warning:  #550-D: variable "tcphdr"  was set but never used
    struct tcp_hdr *tcphdr;
..\LWIP\lwip-1.4.1\src\core\tcp_out.c(1367): warning:  #550-D: variable "tcphdr"  was set but never used
    struct tcp_hdr *tcphdr;
..\LWIP\lwip-1.4.1\src\core\tcp_out.c: 2 warnings, 0 errors
compiling tcp_in.c...
compiling netbuf.c...
compiling api_msg.c...
compiling netifapi.c...
compiling err.c...
compiling netdb.c...
compiling sockets.c...
compiling tcpip.c...
compiling sys_arch.c...
linking...
Program Size: Code=79164 RO-data=124744 RW-data=628 ZI-data=33682524  
FromELF: creating hex file...
"..\OBJ\Tempate.axf" - 0 Error(s), 2 Warning(s).

<h2>Software Packages used:</h2>

Package Vendor: Keil
                http://www.keil.com/pack/Keil.STM32F4xx_DFP.2.14.0.pack
                Keil.STM32F4xx_DFP.2.14.0
                STMicroelectronics STM32F4 Series Device Support, Drivers and Examples

<h2>Collection of Component include folders:</h2>
  .\RTE\_NETWORK
  C:\Users\kevintian\AppData\Local\Arm\Packs\Keil\STM32F4xx_DFP\2.14.0\Drivers\CMSIS\Device\ST\STM32F4xx\Include

<h2>Collection of Component Files used:</h2>
Build Time Elapsed:  00:00:31
</pre>
</body>
</html>
