Component: ARM Compiler 5.06 update 6 (build 750) Tool: armlink [4d35ed]

==============================================================================

Section Cross References

    main.o(i.lwip_test_ui) refers to _printf_percent.o(.ARM.Collect$$_printf_percent$$00000000) for _printf_percent
    main.o(i.lwip_test_ui) refers to _printf_d.o(.ARM.Collect$$_printf_percent$$00000009) for _printf_d
    main.o(i.lwip_test_ui) refers to _printf_dec.o(.text) for _printf_int_dec
    main.o(i.lwip_test_ui) refers to lcd.o(i.LCD_Fill) for LCD_Fill
    main.o(i.lwip_test_ui) refers to lcd.o(i.LCD_ShowString) for LCD_ShowString
    main.o(i.lwip_test_ui) refers to noretval__2sprintf.o(.text) for __2sprintf
    main.o(i.lwip_test_ui) refers to lan8720.o(i.LAN8720_Get_Speed) for LAN8720_Get_Speed
    main.o(i.lwip_test_ui) refers to lcd.o(.data) for POINT_COLOR
    main.o(i.lwip_test_ui) refers to lcd.o(.bss) for lcddev
    main.o(i.lwip_test_ui) refers to lwip_comm.o(.bss) for lwipdev
    main.o(i.main) refers to sys.o(i.Stm32_Clock_Init) for Stm32_Clock_Init
    main.o(i.main) refers to stm32f4xx_hal.o(i.HAL_Init) for HAL_Init
    main.o(i.main) refers to delay.o(i.delay_init) for delay_init
    main.o(i.main) refers to usart.o(i.uart_init) for uart_init
    main.o(i.main) refers to led.o(i.LED_Init) for LED_Init
    main.o(i.main) refers to key.o(i.KEY_Init) for KEY_Init
    main.o(i.main) refers to sdram.o(i.SDRAM_Init) for SDRAM_Init
    main.o(i.main) refers to lcd.o(i.LCD_Init) for LCD_Init
    main.o(i.main) refers to pcf8574.o(i.PCF8574_Init) for PCF8574_Init
    main.o(i.main) refers to adc.o(i.MY_ADC_Init) for MY_ADC_Init
    main.o(i.main) refers to rtc.o(i.RTC_Init) for RTC_Init
    main.o(i.main) refers to malloc.o(i.my_mem_init) for my_mem_init
    main.o(i.main) refers to main.o(i.lwip_test_ui) for lwip_test_ui
    main.o(i.main) refers to timer.o(i.TIM3_Init) for TIM3_Init
    main.o(i.main) refers to lcd.o(i.LCD_ShowString) for LCD_ShowString
    main.o(i.main) refers to delay.o(i.delay_ms) for delay_ms
    main.o(i.main) refers to lwip_comm.o(i.lwip_comm_init) for lwip_comm_init
    main.o(i.main) refers to lwip_comm.o(i.lwip_periodic_handle) for lwip_periodic_handle
    main.o(i.main) refers to httpd.o(i.httpd_init) for httpd_init
    main.o(i.main) refers to delay.o(i.delay_us) for delay_us
    main.o(i.main) refers to usmart_config.o(.data) for usmart_dev
    main.o(i.main) refers to lwip_comm.o(.bss) for lwipdev
    stm32f4xx_it.o(i.SysTick_Handler) refers to stm32f4xx_hal.o(i.HAL_IncTick) for HAL_IncTick
    system_stm32f4xx.o(i.SystemCoreClockUpdate) refers to system_stm32f4xx.o(.data) for .data
    startup_stm32f429xx.o(STACK) refers (Special) to heapauxi.o(.text) for __use_two_region_memory
    startup_stm32f429xx.o(HEAP) refers (Special) to heapauxi.o(.text) for __use_two_region_memory
    startup_stm32f429xx.o(RESET) refers (Special) to heapauxi.o(.text) for __use_two_region_memory
    startup_stm32f429xx.o(RESET) refers to startup_stm32f429xx.o(STACK) for __initial_sp
    startup_stm32f429xx.o(RESET) refers to startup_stm32f429xx.o(.text) for Reset_Handler
    startup_stm32f429xx.o(RESET) refers to stm32f4xx_it.o(i.NMI_Handler) for NMI_Handler
    startup_stm32f429xx.o(RESET) refers to stm32f4xx_it.o(i.HardFault_Handler) for HardFault_Handler
    startup_stm32f429xx.o(RESET) refers to stm32f4xx_it.o(i.MemManage_Handler) for MemManage_Handler
    startup_stm32f429xx.o(RESET) refers to stm32f4xx_it.o(i.BusFault_Handler) for BusFault_Handler
    startup_stm32f429xx.o(RESET) refers to stm32f4xx_it.o(i.UsageFault_Handler) for UsageFault_Handler
    startup_stm32f429xx.o(RESET) refers to stm32f4xx_it.o(i.SVC_Handler) for SVC_Handler
    startup_stm32f429xx.o(RESET) refers to stm32f4xx_it.o(i.DebugMon_Handler) for DebugMon_Handler
    startup_stm32f429xx.o(RESET) refers to stm32f4xx_it.o(i.PendSV_Handler) for PendSV_Handler
    startup_stm32f429xx.o(RESET) refers to stm32f4xx_it.o(i.SysTick_Handler) for SysTick_Handler
    startup_stm32f429xx.o(RESET) refers to rtc.o(i.RTC_WKUP_IRQHandler) for RTC_WKUP_IRQHandler
    startup_stm32f429xx.o(RESET) refers to timer.o(i.TIM3_IRQHandler) for TIM3_IRQHandler
    startup_stm32f429xx.o(RESET) refers to usmart.o(i.TIM4_IRQHandler) for TIM4_IRQHandler
    startup_stm32f429xx.o(RESET) refers to usart.o(i.USART1_IRQHandler) for USART1_IRQHandler
    startup_stm32f429xx.o(RESET) refers to rtc.o(i.RTC_Alarm_IRQHandler) for RTC_Alarm_IRQHandler
    startup_stm32f429xx.o(RESET) refers to lan8720.o(i.ETH_IRQHandler) for ETH_IRQHandler
    startup_stm32f429xx.o(.text) refers (Special) to heapauxi.o(.text) for __use_two_region_memory
    startup_stm32f429xx.o(.text) refers to system_stm32f4xx.o(i.SystemInit) for SystemInit
    startup_stm32f429xx.o(.text) refers to __main.o(!!!main) for __main
    startup_stm32f429xx.o(.text) refers to startup_stm32f429xx.o(HEAP) for Heap_Mem
    startup_stm32f429xx.o(.text) refers to startup_stm32f429xx.o(STACK) for Stack_Mem
[...]
    udp_connect                              0x08011aa9   Thumb Code    70  udp.o(i.udp_connect)
    udp_init                                 0x08011af5   Thumb Code     2  udp.o(i.udp_init)
    udp_input                                0x08011af9   Thumb Code   390  udp.o(i.udp_input)
    udp_new                                  0x08011d05   Thumb Code    26  udp.o(i.udp_new)
    udp_recv                                 0x08011d1f   Thumb Code     6  udp.o(i.udp_recv)
    udp_remove                               0x08011d25   Thumb Code    40  udp.o(i.udp_remove)
    udp_sendto_if                            0x08011d51   Thumb Code   202  udp.o(i.udp_sendto_if)
    usmart_cmd_rec                           0x08011e9d   Thumb Code   144  usmart.o(i.usmart_cmd_rec)
    usmart_exe                               0x08011f31   Thumb Code   510  usmart.o(i.usmart_exe)
    usmart_get_aparm                         0x08012191   Thumb Code   156  usmart_str.o(i.usmart_get_aparm)
    usmart_get_cmdname                       0x0801222d   Thumb Code    46  usmart_str.o(i.usmart_get_cmdname)
    usmart_get_fname                         0x0801225d   Thumb Code   352  usmart_str.o(i.usmart_get_fname)
    usmart_get_fparam                        0x080123c5   Thumb Code   202  usmart_str.o(i.usmart_get_fparam)
    usmart_get_parmpos                       0x08012495   Thumb Code    30  usmart_str.o(i.usmart_get_parmpos)
    usmart_get_runtime                       0x080124b9   Thumb Code    38  usmart.o(i.usmart_get_runtime)
    usmart_init                              0x080124e9   Thumb Code    36  usmart.o(i.usmart_init)
    usmart_pow                               0x08012511   Thumb Code    16  usmart_str.o(i.usmart_pow)
    usmart_reset_runtime                     0x08012521   Thumb Code    32  usmart.o(i.usmart_reset_runtime)
    usmart_scan                              0x08012549   Thumb Code    94  usmart.o(i.usmart_scan)
    usmart_search_nextc                      0x080125ed   Thumb Code    16  usmart_str.o(i.usmart_search_nextc)
    usmart_str2num                           0x080125fd   Thumb Code   160  usmart_str.o(i.usmart_str2num)
    usmart_strcmp                            0x0801269d   Thumb Code    24  usmart_str.o(i.usmart_strcmp)
    usmart_strcopy                           0x080126b5   Thumb Code    18  usmart_str.o(i.usmart_strcopy)
    usmart_strlen                            0x080126c7   Thumb Code    18  usmart_str.o(i.usmart_strlen)
    usmart_sys_cmd_exe                       0x080126d9   Thumb Code  1442  usmart.o(i.usmart_sys_cmd_exe)
    write_addr                               0x08012d49   Thumb Code     4  usmart.o(i.write_addr)
    __aeabi_dadd                             0x08012d4d   Thumb Code     0  daddsub_clz.o(x$fpl$dadd)
    _dadd                                    0x08012d4d   Thumb Code   332  daddsub_clz.o(x$fpl$dadd)
    __aeabi_ddiv                             0x08012e9d   Thumb Code     0  ddiv.o(x$fpl$ddiv)
    _ddiv                                    0x08012e9d   Thumb Code   552  ddiv.o(x$fpl$ddiv)
    __aeabi_d2iz                             0x0801314d   Thumb Code     0  dfix.o(x$fpl$dfix)
    _dfix                                    0x0801314d   Thumb Code    94  dfix.o(x$fpl$dfix)
    __aeabi_d2uiz                            0x080131ad   Thumb Code     0  dfixu.o(x$fpl$dfixu)
    _dfixu                                   0x080131ad   Thumb Code    90  dfixu.o(x$fpl$dfixu)
    __aeabi_ui2d                             0x08013207   Thumb Code     0  dflt_clz.o(x$fpl$dfltu)
    _dfltu                                   0x08013207   Thumb Code    38  dflt_clz.o(x$fpl$dfltu)
    __aeabi_dmul                             0x0801322d   Thumb Code     0  dmul.o(x$fpl$dmul)
    _dmul                                    0x0801322d   Thumb Code   332  dmul.o(x$fpl$dmul)
    __fpl_dnaninf                            0x08013381   Thumb Code   156  dnaninf.o(x$fpl$dnaninf)
    __fpl_dretinf                            0x0801341d   Thumb Code    12  dretinf.o(x$fpl$dretinf)
    __aeabi_dsub                             0x08013429   Thumb Code     0  daddsub_clz.o(x$fpl$dsub)
    _dsub                                    0x08013429   Thumb Code   464  daddsub_clz.o(x$fpl$dsub)
    __aeabi_f2d                              0x080135fd   Thumb Code     0  f2d.o(x$fpl$f2d)
    _f2d                                     0x080135fd   Thumb Code    86  f2d.o(x$fpl$f2d)
    __fpl_fnaninf                            0x08013653   Thumb Code   140  fnaninf.o(x$fpl$fnaninf)
    _fp_init                                 0x080136df   Thumb Code    10  fpinit.o(x$fpl$fpinit)
    __fplib_config_fpu_vfp                   0x080136e7   Thumb Code     0  fpinit.o(x$fpl$fpinit)
    __fplib_config_pureend_doubles           0x080136e7   Thumb Code     0  fpinit.o(x$fpl$fpinit)
    APBAHBPrescTable                         0x080136e8   Data          16  stm32f4xx_hal_rcc.o(.constdata)
    __I$use$fp                               0x080136e8   Number         0  usenofp.o(x$fpl$usenofp)
    asc2_1206                                0x080136f8   Data        1140  lcd.o(.constdata)
    asc2_1608                                0x08013b6c   Data        1520  lcd.o(.constdata)
    asc2_2412                                0x0801415c   Data        3420  lcd.o(.constdata)
    asc2_3216                                0x08014eb8   Data       12160  lcd.o(.constdata)
    memtblsize                               0x08017e38   Data          12  malloc.o(.constdata)
    memblksize                               0x08017e44   Data          12  malloc.o(.constdata)
    memsize                                  0x08017e50   Data          12  malloc.o(.constdata)
    file__image_head_jpg                     0x080317a0   Data          20  fs.o(.constdata)
    file__image_stm32_jpg                    0x080317b4   Data          20  fs.o(.constdata)
    file__image_tab_jpg                      0x080317c8   Data          20  fs.o(.constdata)
    file__404_html                           0x080317dc   Data          20  fs.o(.constdata)
    file__index_html                         0x080317f0   Data          20  fs.o(.constdata)
    file__STM32_ADC_TEMPERATE_shtml          0x08031804   Data          20  fs.o(.constdata)
    file__STM32_LED_OFF_BEEP_OFF_shtml       0x08031818   Data          20  fs.o(.constdata)
    file__STM32_LED_OFF_BEEP_ON_shtml        0x0803182c   Data          20  fs.o(.constdata)
    file__STM32_LED_ON_BEEP_OFF_shtml        0x08031840   Data          20  fs.o(.constdata)
    file__STM32_LED_ON_BEEP_ON_shtml         0x08031854   Data          20  fs.o(.constdata)
    file__STM32_RTC_shtml                    0x08031868   Data          20  fs.o(.constdata)
    g_pcTagLeadIn                            0x0803187c   Data           4  httpd.o(.constdata)
    g_pcTagLeadOut                           0x08031880   Data           4  httpd.o(.constdata)
    g_psDefaultFilenames                     0x08031884   Data          40  httpd.o(.constdata)
    ethbroadcast                             0x080318bc   Data           6  etharp.o(.constdata)
    ethzero                                  0x080318c2   Data           6  etharp.o(.constdata)
    ip_addr_any                              0x080318c8   Data           4  ip_addr.o(.constdata)
    ip_addr_broadcast                        0x080318cc   Data           4  ip_addr.o(.constdata)
    tcp_persist_backoff                      0x080318f8   Data           7  tcp.o(.constdata)
    tcp_state_str                            0x08031900   Data          44  tcp.o(.constdata)
    tcp_backoff                              0x0803192c   Data          13  tcp.o(.constdata)
    tcp_pcb_lists                            0x0803193c   Data          16  tcp.o(.constdata)
    Region$$Table$$Base                      0x08031c64   Number         0  anon$$obj.o(Region$$Table)
    Region$$Table$$Limit                     0x08031c84   Number         0  anon$$obj.o(Region$$Table)
    mem3base                                 0x10000000   Data       61440  malloc.o(.ARM.__AT_0x10000000)
    mem3mapbase                              0x1000f000   Data        3840  malloc.o(.ARM.__AT_0x1000F000)
    SystemCoreClock                          0x20000000   Data           4  system_stm32f4xx.o(.data)
    AHBPrescTable                            0x20000004   Data          16  system_stm32f4xx.o(.data)
    aRxBuffer                                0x2000001c   Data           1  usart.o(.data)
    USART_RX_STA                             0x2000001e   Data           2  usart.o(.data)
    __stdout                                 0x20000020   Data           4  usart.o(.data)
    POINT_COLOR                              0x20000024   Data           4  lcd.o(.data)
    BACK_COLOR                               0x20000028   Data           4  lcd.o(.data)
    ltdc_framebuf                            0x2000002c   Data           8  ltdc.o(.data)
    DMARxDscrTab                             0x20000034   Data           4  lan8720.o(.data)
    DMATxDscrTab                             0x20000038   Data           4  lan8720.o(.data)
    Rx_Buff                                  0x2000003c   Data           4  lan8720.o(.data)
    Tx_Buff                                  0x20000040   Data           4  lan8720.o(.data)
    sys_cmd_tab                              0x20000044   Data          28  usmart.o(.data)
    usmart_nametab                           0x20000060   Data          32  usmart_config.o(.data)
    usmart_dev                               0x20000080   Data         244  usmart_config.o(.data)
    mallco_dev                               0x20000174   Data          36  malloc.o(.data)
    DHCPfineTimer                            0x20000198   Data           4  lwip_comm.o(.data)
    DHCPcoarseTimer                          0x2000019c   Data           4  lwip_comm.o(.data)
    lwip_localtime                           0x200001a0   Data           4  lwip_comm.o(.data)
    g_pfnSSIHandler                          0x200001a4   Data           4  httpd.o(.data)
    g_iNumTags                               0x200001a8   Data           4  httpd.o(.data)
    g_ppcTags                                0x200001ac   Data           4  httpd.o(.data)
    g_pCGIs                                  0x200001b0   Data           4  httpd.o(.data)
    g_iNumCGIs                               0x200001b4   Data           4  httpd.o(.data)
    g_pcSSIExtensions                        0x200001b8   Data          16  httpd.o(.data)
    current_netif                            0x200001e0   Data           4  ip.o(.data)
    current_header                           0x200001e4   Data           4  ip.o(.data)
    current_iphdr_src                        0x200001e8   Data           4  ip.o(.data)
    current_iphdr_dest                       0x200001ec   Data           4  ip.o(.data)
    ram_heap                                 0x200001fc   Data           4  mem.o(.data)
    memp_memory                              0x2000020c   Data           4  memp.o(.data)
    netif_list                               0x20000214   Data           4  netif.o(.data)
    netif_default                            0x20000218   Data           4  netif.o(.data)
    tcp_active_pcbs_changed                  0x20000220   Data           1  tcp.o(.data)
    tcp_ticks                                0x2000022c   Data           4  tcp.o(.data)
    tcp_bound_pcbs                           0x20000230   Data           4  tcp.o(.data)
    tcp_listen_pcbs                          0x20000234   Data           4  tcp.o(.data)
    tcp_active_pcbs                          0x20000238   Data           4  tcp.o(.data)
    tcp_tw_pcbs                              0x2000023c   Data           4  tcp.o(.data)
    tcp_tmp_pcb                              0x20000240   Data           4  tcp.o(.data)
    tcp_input_pcb                            0x2000025c   Data           4  tcp_in.o(.data)
    udp_pcbs                                 0x20000270   Data           4  udp.o(.data)
    USART_RX_BUF                             0x20000274   Data         200  usart.o(.bss)
    UART1_Handler                            0x2000033c   Data          64  usart.o(.bss)
    SRAM_Handler                             0x2000037c   Data          80  lcd.o(.bss)
    lcddev                                   0x200003cc   Data          14  lcd.o(.bss)
    SDRAM_Handler                            0x200003dc   Data          52  sdram.o(.bss)
    LTDC_Handler                             0x20000410   Data         168  ltdc.o(.bss)
    lcdltdc                                  0x200004b8   Data          32  ltdc.o(.bss)
    ETH_Handler                              0x200004d8   Data          72  lan8720.o(.bss)
    TIM3_Handler                             0x20000520   Data          60  timer.o(.bss)
    ADC1_Handler                             0x2000055c   Data          68  adc.o(.bss)
    RTC_Handler                              0x200005a0   Data          32  rtc.o(.bss)
    TIM4_Handler                             0x200005c0   Data          60  usmart.o(.bss)
    mem1base                                 0x20000600   Data       102400  malloc.o(.bss)
    mem1mapbase                              0x20019600   Data        6400  malloc.o(.bss)
    lwipdev                                  0x2001af00   Data          23  lwip_comm.o(.bss)
    lwip_netif                               0x2001af18   Data          52  lwip_comm.o(.bss)
    fs_memory                                0x2001af4c   Data         240  fs.o(.bss)
    dhcp_rx_options_val                      0x2001b504   Data          40  dhcp.o(.bss)
    dhcp_rx_options_given                    0x2001b52c   Data          10  dhcp.o(.bss)
    __libspace_start                         0x2001b570   Data          96  libspace.o(.bss)
    __temporary_stack_top$libspace           0x2001b5d0   Data           0  libspace.o(.bss)
    ltdc_lcd_framebuf                        0xc0000000   Data       2048000  ltdc.o(.ARM.__AT_0xC0000000)
    mem2base                                 0xc01f4000   Data       29605888  malloc.o(.ARM.__AT_0xC01F4000)
    mem2mapbase                              0xc1e30000   Data       1850368  malloc.o(.ARM.__AT_0xC1E30000)



==============================================================================

Memory Map of the image

  Image Entry point : 0x080001ad

  Load Region LR_IROM1 (Base: 0x08000000, Size: 0x00031ef8, Max: 0x00100000, ABSOLUTE, COMPRESSED[0x00031d2c])

    Execution Region ER_IROM1 (Exec base: 0x08000000, Load base: 0x08000000, Size: 0x00031c84, Max: 0x00100000, ABSOLUTE)

    Exec Addr    Load Addr    Size         Type   Attr      Idx    E Section Name        Object

    0x08000000   0x08000000   0x000001ac   Data   RO          564    RESET               startup_stm32f429xx.o
    0x080001ac   0x080001ac   0x00000008   Code   RO         7624  * !!!main             c_w.l(__main.o)
    0x080001b4   0x080001b4   0x00000034   Code   RO         7833    !!!scatter          c_w.l(__scatter.o)
    0x080001e8   0x080001e8   0x0000005a   Code   RO         7831    !!dczerorl2         c_w.l(__dczerorl2.o)
    0x08000242   0x08000242   0x00000002   PAD
    0x08000244   0x08000244   0x0000001c   Code   RO         7835    !!handler_zi        c_w.l(__scatter_zi.o)
    0x08000260   0x08000260   0x00000000   Code   RO         7601    .ARM.Collect$$_printf_percent$$00000000  c_w.l(_printf_percent.o)
    0x08000260   0x08000260   0x00000006   Code   RO         7599    .ARM.Collect$$_printf_percent$$00000009  c_w.l(_printf_d.o)
    0x08000266   0x08000266   0x00000006   Code   RO         7600    .ARM.Collect$$_printf_percent$$0000000A  c_w.l(_printf_u.o)
    0x0800026c   0x0800026c   0x00000006   Code   RO         7598    .ARM.Collect$$_printf_percent$$0000000C  c_w.l(_printf_x.o)
    0x08000272   0x08000272   0x00000006   Code   RO         7596    .ARM.Collect$$_printf_percent$$00000013  c_w.l(_printf_c.o)
    0x08000278   0x08000278   0x00000006   Code   RO         7597    .ARM.Collect$$_printf_percent$$00000014  c_w.l(_printf_s.o)
    0x0800027e   0x0800027e   0x00000004   Code   RO         7667    .ARM.Collect$$_printf_percent$$00000017  c_w.l(_printf_percent_end.o)
    0x08000282   0x08000282   0x00000002   Code   RO         7705    .ARM.Collect$$libinit$$00000000  c_w.l(libinit.o)
    0x08000284   0x08000284   0x00000004   Code   RO         7711    .ARM.Collect$$libinit$$00000001  c_w.l(libinit2.o)
    0x08000288   0x08000288   0x00000000   Code   RO         7714    .ARM.Collect$$libinit$$00000004  c_w.l(libinit2.o)
    0x08000288   0x08000288   0x00000000   Code   RO         7717    .ARM.Collect$$libinit$$0000000A  c_w.l(libinit2.o)
    0x08000288   0x08000288   0x00000000   Code   RO         7719    .ARM.Collect$$libinit$$0000000C  c_w.l(libinit2.o)
    0x08000288   0x08000288   0x00000000   Code   RO         7721    .ARM.Collect$$libinit$$0000000E  c_w.l(libinit2.o)
    0x08000288   0x08000288   0x00000000   Code   RO         7724    .ARM.Collect$$libinit$$00000011  c_w.l(libinit2.o)
    0x08000288   0x08000288   0x00000000   Code   RO         7726    .ARM.Collect$$libinit$$00000013  c_w.l(libinit2.o)
    0x08000288   0x08000288   0x00000000   Code   RO         7728    .ARM.Collect$$libinit$$00000015  c_w.l(libinit2.o)
    0x08000288   0x08000288   0x00000000   Code   RO         7730    .ARM.Collect$$libinit$$00000017  c_w.l(libinit2.o)
    0x08000288   0x08000288   0x00000000   Code   RO         7732    .ARM.Collect$$libinit$$00000019  c_w.l(libinit2.o)
    0x08000288   0x08000288   0x00000000   Code   RO         7734    .ARM.Collect$$libinit$$0000001B  c_w.l(libinit2.o)
    0x08000288   0x08000288   0x00000000   Code   RO         7736    .ARM.Collect$$libinit$$0000001D  c_w.l(libinit2.o)
    0x08000288   0x08000288   0x00000000   Code   RO         7738    .ARM.Collect$$libinit$$0000001F  c_w.l(libinit2.o)
    0x08000288   0x08000288   0x00000000   Code   RO         7740    .ARM.Collect$$libinit$$00000021  c_w.l(libinit2.o)
    0x08000288   0x08000288   0x00000000   Code   RO         7742    .ARM.Collect$$libinit$$00000023  c_w.l(libinit2.o)
    0x08000288   0x08000288   0x00000000   Code   RO         7744    .ARM.Collect$$libinit$$00000025  c_w.l(libinit2.o)
    0x08000288   0x08000288   0x00000000   Code   RO         7748    .ARM.Collect$$libinit$$0000002C  c_w.l(libinit2.o)
    0x08000288   0x08000288   0x00000000   Code   RO         7750    .ARM.Collect$$libinit$$0000002E  c_w.l(libinit2.o)
    0x08000288   0x08000288   0x00000000   Code   RO         7752    .ARM.Collect$$libinit$$00000030  c_w.l(libinit2.o)
    0x08000288   0x08000288   0x00000000   Code   RO         7754    .ARM.Collect$$libinit$$00000032  c_w.l(libinit2.o)
    0x08000288   0x08000288   0x00000002   Code   RO         7755    .ARM.Collect$$libinit$$00000033  c_w.l(libinit2.o)
    0x0800028a   0x0800028a   0x00000002   Code   RO         7773    .ARM.Collect$$libshutdown$$00000000  c_w.l(libshutdown.o)
    0x0800028c   0x0800028c   0x00000000   Code   RO         7783    .ARM.Collect$$libshutdown$$00000002  c_w.l(libshutdown2.o)
    0x0800028c   0x0800028c   0x00000000   Code   RO         7785    .ARM.Collect$$libshutdown$$00000004  c_w.l(libshutdown2.o)
    0x0800028c   0x0800028c   0x00000000   Code   RO         7788    .ARM.Collect$$libshutdown$$00000007  c_w.l(libshutdown2.o)
    0x0800028c   0x0800028c   0x00000000   Code   RO         7791    .ARM.Collect$$libshutdown$$0000000A  c_w.l(libshutdown2.o)
    0x0800028c   0x0800028c   0x00000000   Code   RO         7793    .ARM.Collect$$libshutdown$$0000000C  c_w.l(libshutdown2.o)
    0x0800028c   0x0800028c   0x00000000   Code   RO         7796    .ARM.Collect$$libshutdown$$0000000F  c_w.l(libshutdown2.o)
    0x0800028c   0x0800028c   0x00000002   Code   RO         7797    .ARM.Collect$$libshutdown$$00000010  c_w.l(libshutdown2.o)
    0x0800028e   0x0800028e   0x00000000   Code   RO         7656    .ARM.Collect$$rtentry$$00000000  c_w.l(__rtentry.o)
    0x0800028e   0x0800028e   0x00000000   Code   RO         7676    .ARM.Collect$$rtentry$$00000002  c_w.l(__rtentry2.o)
    0x0800028e   0x0800028e   0x00000006   Code   RO         7688    .ARM.Collect$$rtentry$$00000004  c_w.l(__rtentry4.o)
    0x08000294   0x08000294   0x00000000   Code   RO         7678    .ARM.Collect$$rtentry$$00000009  c_w.l(__rtentry2.o)
    0x08000294   0x08000294   0x00000004   Code   RO         7679    .ARM.Collect$$rtentry$$0000000A  c_w.l(__rtentry2.o)
    0x08000298   0x08000298   0x00000000   Code   RO         7681    .ARM.Collect$$rtentry$$0000000C  c_w.l(__rtentry2.o)
    0x08000298   0x08000298   0x00000008   Code   RO         7682    .ARM.Collect$$rtentry$$0000000D  c_w.l(__rtentry2.o)
    0x080002a0   0x080002a0   0x00000002   Code   RO         7709    .ARM.Collect$$rtexit$$00000000  c_w.l(rtexit.o)
    0x080002a2   0x080002a2   0x00000000   Code   RO         7757    .ARM.Collect$$rtexit$$00000002  c_w.l(rtexit2.o)
    0x080002a2   0x080002a2   0x00000004   Code   RO         7758    .ARM.Collect$$rtexit$$00000003  c_w.l(rtexit2.o)
    0x080002a6   0x080002a6   0x00000006   Code   RO         7759    .ARM.Collect$$rtexit$$00000004  c_w.l(rtexit2.o)
    0x080002ac   0x080002ac   0x00000010   Code   RO         4317    .emb_text           sys.o
    0x080002bc   0x080002bc   0x00000040   Code   RO          565    .text               startup_stm32f429xx.o
    0x080002fc   0x080002fc   0x00000002   Code   RO         7537    .text               c_w.l(use_no_semi_2.o)
    0x080002fe   0x080002fe   0x00000002   PAD
    0x08000300   0x08000300   0x00000018   Code   RO         7543    .text               c_w.l(noretval__2printf.o)
    0x08000318   0x08000318   0x00000028   Code   RO         7545    .text               c_w.l(noretval__2sprintf.o)
    0x08000340   0x08000340   0x0000004e   Code   RO         7549    .text               c_w.l(_printf_pad.o)
    0x0800038e   0x0800038e   0x00000052   Code   RO         7551    .text               c_w.l(_printf_str.o)
    0x080003e0   0x080003e0   0x00000078   Code   RO         7553    .text               c_w.l(_printf_dec.o)
    0x08000458   0x08000458   0x00000058   Code   RO         7558    .text               c_w.l(_printf_hex_int.o)
    0x080004b0   0x080004b0   0x00000188   Code   RO         7593    .text               c_w.l(__printf_flags_ss_wp.o)
    0x08000638   0x08000638   0x00000014   Code   RO         7602    .text               c_w.l(strchr.o)
    0x0800064c   0x0800064c   0x00000024   Code   RO         7604    .text               c_w.l(strstr.o)
    0x08000670   0x08000670   0x00000058   Code   RO         7606    .text               c_w.l(memcmp.o)
    0x080006c8   0x080006c8   0x0000003e   Code   RO         7608    .text               c_w.l(strlen.o)
    0x08000706   0x08000706   0x00000096   Code   RO         7610    .text               c_w.l(strncmp.o)
    0x0800079c   0x0800079c   0x0000008a   Code   RO         7612    .text               c_w.l(rt_memcpy_v6.o)
    0x08000826   0x08000826   0x00000064   Code   RO         7614    .text               c_w.l(rt_memcpy_w.o)
    0x0800088a   0x0800088a   0x0000004e   Code   RO         7618    .text               c_w.l(rt_memclr_w.o)
    0x080008d8   0x080008d8   0x00000080   Code   RO         7620    .text               c_w.l(strcmpv7m.o)
    0x08000958   0x08000958   0x00000006   Code   RO         7622    .text               c_w.l(heapauxi.o)
    0x0800095e   0x0800095e   0x00000002   Code   RO         7654    .text               c_w.l(use_no_semi.o)
    0x08000960   0x08000960   0x000000b2   Code   RO         7657    .text               c_w.l(_printf_intcommon.o)
    0x08000a12   0x08000a12   0x00000002   PAD
    0x08000a14   0x08000a14   0x00000030   Code   RO         7659    .text               c_w.l(_printf_char_common.o)
    0x08000a44   0x08000a44   0x0000000a   Code   RO         7661    .text               c_w.l(_sputc.o)
    0x08000a4e   0x08000a4e   0x0000002c   Code   RO         7663    .text               c_w.l(_printf_char.o)
    0x08000a7a   0x08000a7a   0x00000002   PAD
    0x08000a7c   0x08000a7c   0x00000024   Code   RO         7665    .text               c_w.l(_printf_char_file.o)
    0x08000aa0   0x08000aa0   0x00000008   Code   RO         7692    .text               c_w.l(ferror.o)
    0x08000aa8   0x08000aa8   0x0000004a   Code   RO         7696    .text               c_w.l(sys_stackheap_outer.o)
    0x08000af2   0x08000af2   0x00000012   Code   RO         7698    .text               c_w.l(exit.o)
    0x08000b04   0x08000b04   0x00000008   Code   RO         7706    .text               c_w.l(libspace.o)
    0x08000b0c   0x08000b0c   0x00000080   Code   RO         5849    i.ADC_Handler       httpd_cgi_ssi.o
    0x08000b8c   0x08000b8c   0x00000134   Code   RO         3642    i.ADC_Init          stm32f4xx_hal_adc.o
    0x08000cc0   0x08000cc0   0x0000014c   Code   RO         5850    i.BEEP_CGI_Handler  httpd_cgi_ssi.o
    0x08000e0c   0x08000e0c   0x00000002   Code   RO          351    i.BusFault_Handler  stm32f4xx_it.o
    0x08000e0e   0x08000e0e   0x00000002   Code   RO          352    i.DebugMon_Handler  stm32f4xx_it.o
    0x08000e10   0x08000e10   0x0000002e   Code   RO         3491    i.ETH_FlushTransmitFIFO  stm32f4xx_hal_eth.o
    0x08000e3e   0x08000e3e   0x0000001e   Code   RO         4966    i.ETH_GetRxPktSize  lan8720.o
    0x08000e5c   0x08000e5c   0x0000002c   Code   RO         4967    i.ETH_IRQHandler    lan8720.o
    0x08000e88   0x08000e88   0x00000124   Code   RO         3492    i.ETH_MACDMAConfig  stm32f4xx_hal_eth.o
    0x08000fac   0x08000fac   0x0000003c   Code   RO         4969    i.ETH_Mem_Malloc    lan8720.o
    0x08000fe8   0x08000fe8   0x00000040   Code   RO         2709    i.FMC_NORSRAM_Extended_Timing_Init  stm32f4xx_ll_fmc.o
    0x08001028   0x08001028   0x00000078   Code   RO         2710    i.FMC_NORSRAM_Init  stm32f4xx_ll_fmc.o
    0x080010a0   0x080010a0   0x0000005c   Code   RO         2711    i.FMC_NORSRAM_Timing_Init  stm32f4xx_ll_fmc.o
    0x080010fc   0x080010fc   0x0000004c   Code   RO         2721    i.FMC_SDRAM_Init    stm32f4xx_ll_fmc.o
    0x08001148   0x08001148   0x0000000c   Code   RO         2722    i.FMC_SDRAM_ProgramRefreshRate  stm32f4xx_ll_fmc.o
    0x08001154   0x08001154   0x00000048   Code   RO         2723    i.FMC_SDRAM_SendCommand  stm32f4xx_ll_fmc.o
    0x0800119c   0x0800119c   0x0000007c   Code   RO         2725    i.FMC_SDRAM_Timing_Init  stm32f4xx_ll_fmc.o
    0x08001218   0x08001218   0x0000002c   Code   RO         5851    i.FindCGIParameter  httpd_cgi_ssi.o
    0x08001244   0x08001244   0x00000038   Code   RO         5095    i.Get_Adc           adc.o
    0x0800127c   0x0800127c   0x0000002e   Code   RO         5096    i.Get_Adc_Average   adc.o
    0x080012aa   0x080012aa   0x00000002   PAD
    0x080012ac   0x080012ac   0x0000008c   Code   RO         5097    i.Get_Temprate      adc.o
    0x08001338   0x08001338   0x00000154   Code   RO         3644    i.HAL_ADC_ConfigChannel  stm32f4xx_hal_adc.o
    0x0800148c   0x0800148c   0x00000006   Code   RO         3651    i.HAL_ADC_GetValue  stm32f4xx_hal_adc.o
    0x08001492   0x08001492   0x0000003a   Code   RO         3653    i.HAL_ADC_Init      stm32f4xx_hal_adc.o
    0x080014cc   0x080014cc   0x0000004c   Code   RO         5098    i.HAL_ADC_MspInit   adc.o
    0x08001518   0x08001518   0x0000006c   Code   RO         3657    i.HAL_ADC_PollForConversion  stm32f4xx_hal_adc.o
    0x08001584   0x08001584   0x00000088   Code   RO         3659    i.HAL_ADC_Start     stm32f4xx_hal_adc.o
    0x0800160c   0x0800160c   0x00000016   Code   RO          579    i.HAL_Delay         stm32f4xx_hal.o
    0x08001622   0x08001622   0x00000072   Code   RO         3495    i.HAL_ETH_DMARxDescListInit  stm32f4xx_hal_eth.o
    0x08001694   0x08001694   0x00000078   Code   RO         3496    i.HAL_ETH_DMATxDescListInit  stm32f4xx_hal_eth.o
    0x0800170c   0x0800170c   0x0000007a   Code   RO         3499    i.HAL_ETH_GetReceivedFrame  stm32f4xx_hal_eth.o
    0x08001786   0x08001786   0x00000002   PAD
    0x08001788   0x08001788   0x000001b4   Code   RO         3503    i.HAL_ETH_Init      stm32f4xx_hal_eth.o
    0x0800193c   0x0800193c   0x000000e4   Code   RO         4970    i.HAL_ETH_MspInit   lan8720.o
    0x08001a20   0x08001a20   0x00000086   Code   RO         3506    i.HAL_ETH_ReadPHYRegister  stm32f4xx_hal_eth.o
    0x08001aa6   0x08001aa6   0x00000084   Code   RO         3508    i.HAL_ETH_Start     stm32f4xx_hal_eth.o
    0x08001b2a   0x08001b2a   0x00000108   Code   RO         3510    i.HAL_ETH_TransmitFrame  stm32f4xx_hal_eth.o
    0x08001c32   0x08001c32   0x00000076   Code   RO         3512    i.HAL_ETH_WritePHYRegister  stm32f4xx_hal_eth.o
    0x08001ca8   0x08001ca8   0x000001dc   Code   RO          856    i.HAL_GPIO_Init     stm32f4xx_hal_gpio.o
    0x08001e84   0x08001e84   0x0000000a   Code   RO          858    i.HAL_GPIO_ReadPin  stm32f4xx_hal_gpio.o
    0x08001e8e   0x08001e8e   0x0000000a   Code   RO          860    i.HAL_GPIO_WritePin  stm32f4xx_hal_gpio.o
    0x08001e98   0x08001e98   0x0000000c   Code   RO          587    i.HAL_GetTick       stm32f4xx_hal.o
    0x08001ea4   0x08001ea4   0x00000010   Code   RO          588    i.HAL_IncTick       stm32f4xx_hal.o
    0x08001eb4   0x08001eb4   0x00000034   Code   RO          589    i.HAL_Init          stm32f4xx_hal.o
    0x08001ee8   0x08001ee8   0x00000022   Code   RO          590    i.HAL_InitTick      stm32f4xx_hal.o
    0x08001f0a   0x08001f0a   0x00000052   Code   RO         3159    i.HAL_LTDC_ConfigLayer  stm32f4xx_hal_ltdc.o
    0x08001f5c   0x08001f5c   0x000000fc   Code   RO         3171    i.HAL_LTDC_Init     stm32f4xx_hal_ltdc.o
    0x08002058   0x08002058   0x000000f4   Code   RO         4739    i.HAL_LTDC_MspInit  ltdc.o
    0x0800214c   0x0800214c   0x00000054   Code   RO         3180    i.HAL_LTDC_SetWindowPosition  stm32f4xx_hal_ltdc.o
    0x080021a0   0x080021a0   0x00000054   Code   RO         3181    i.HAL_LTDC_SetWindowSize  stm32f4xx_hal_ltdc.o
    0x080021f4   0x080021f4   0x00000008   Code   RO          592    i.HAL_MspInit       stm32f4xx_hal.o
    0x080021fc   0x080021fc   0x00000016   Code   RO          733    i.HAL_NVIC_EnableIRQ  stm32f4xx_hal_cortex.o
    0x08002212   0x08002212   0x00000002   PAD
    0x08002214   0x08002214   0x00000040   Code   RO          739    i.HAL_NVIC_SetPriority  stm32f4xx_hal_cortex.o
    0x08002254   0x08002254   0x00000024   Code   RO          740    i.HAL_NVIC_SetPriorityGrouping  stm32f4xx_hal_cortex.o
    0x08002278   0x08002278   0x00000088   Code   RO         1045    i.HAL_PWREx_EnableOverDrive  stm32f4xx_hal_pwr_ex.o
    0x08002300   0x08002300   0x00000018   Code   RO          926    i.HAL_PWR_EnableBkUpAccess  stm32f4xx_hal_pwr.o
    0x08002318   0x08002318   0x000002a8   Code   RO         1217    i.HAL_RCCEx_PeriphCLKConfig  stm32f4xx_hal_rcc_ex.o
    0x080025c0   0x080025c0   0x00000208   Code   RO         1112    i.HAL_RCC_ClockConfig  stm32f4xx_hal_rcc.o
    0x080027c8   0x080027c8   0x00000034   Code   RO         1117    i.HAL_RCC_GetHCLKFreq  stm32f4xx_hal_rcc.o
    0x080027fc   0x080027fc   0x0000002c   Code   RO         1119    i.HAL_RCC_GetPCLK1Freq  stm32f4xx_hal_rcc.o
    0x08002828   0x08002828   0x0000002c   Code   RO         1120    i.HAL_RCC_GetPCLK2Freq  stm32f4xx_hal_rcc.o
    0x08002854   0x08002854   0x00000074   Code   RO         1121    i.HAL_RCC_GetSysClockFreq  stm32f4xx_hal_rcc.o
    0x080028c8   0x080028c8   0x0000031c   Code   RO         1124    i.HAL_RCC_OscConfig  stm32f4xx_hal_rcc.o
    0x08002be4   0x08002be4   0x00000002   Code   RO         4051    i.HAL_RTCEx_AlarmBEventCallback  stm32f4xx_hal_rtc_ex.o
    0x08002be6   0x08002be6   0x0000000a   Code   RO         4052    i.HAL_RTCEx_BKUPRead  stm32f4xx_hal_rtc_ex.o
    0x08002bf0   0x08002bf0   0x0000000a   Code   RO         4053    i.HAL_RTCEx_BKUPWrite  stm32f4xx_hal_rtc_ex.o
    0x08002bfa   0x08002bfa   0x00000002   PAD
    0x08002bfc   0x08002bfc   0x00000018   Code   RO         5146    i.HAL_RTCEx_WakeUpTimerEventCallback  rtc.o
    0x08002c14   0x08002c14   0x00000038   Code   RO         4085    i.HAL_RTCEx_WakeUpTimerIRQHandler  stm32f4xx_hal_rtc_ex.o
    0x08002c4c   0x08002c4c   0x00000014   Code   RO         5147    i.HAL_RTC_AlarmAEventCallback  rtc.o
    0x08002c60   0x08002c60   0x0000005c   Code   RO         3915    i.HAL_RTC_AlarmIRQHandler  stm32f4xx_hal_rtc.o
    0x08002cbc   0x08002cbc   0x00000044   Code   RO         3919    i.HAL_RTC_GetDate   stm32f4xx_hal_rtc.o
    0x08002d00   0x08002d00   0x00000058   Code   RO         3921    i.HAL_RTC_GetTime   stm32f4xx_hal_rtc.o
    0x08002d58   0x08002d58   0x0000009c   Code   RO         3922    i.HAL_RTC_Init      stm32f4xx_hal_rtc.o
    0x08002df4   0x08002df4   0x0000004c   Code   RO         5148    i.HAL_RTC_MspInit   rtc.o
    0x08002e40   0x08002e40   0x000000d0   Code   RO         3928    i.HAL_RTC_SetDate   stm32f4xx_hal_rtc.o
    0x08002f10   0x08002f10   0x000000f0   Code   RO         3929    i.HAL_RTC_SetTime   stm32f4xx_hal_rtc.o
    0x08003000   0x08003000   0x00000034   Code   RO         3930    i.HAL_RTC_WaitForSynchro  stm32f4xx_hal_rtc.o
    0x08003034   0x08003034   0x00000042   Code   RO         3007    i.HAL_SDRAM_Init    stm32f4xx_hal_sdram.o
    0x08003076   0x08003076   0x00000002   PAD
    0x08003078   0x08003078   0x000000dc   Code   RO         4687    i.HAL_SDRAM_MspInit  sdram.o
    0x08003154   0x08003154   0x00000022   Code   RO         3010    i.HAL_SDRAM_ProgramRefreshRate  stm32f4xx_hal_sdram.o
    0x08003176   0x08003176   0x0000002e   Code   RO         3016    i.HAL_SDRAM_SendCommand  stm32f4xx_hal_sdram.o
    0x080031a4   0x080031a4   0x00000056   Code   RO         2885    i.HAL_SRAM_Init     stm32f4xx_hal_sram.o
    0x080031fa   0x080031fa   0x00000002   PAD
    0x080031fc   0x080031fc   0x00000078   Code   RO         4466    i.HAL_SRAM_MspInit  lcd.o
    0x08003274   0x08003274   0x00000018   Code   RO          742    i.HAL_SYSTICK_CLKSourceConfig  stm32f4xx_hal_cortex.o
    0x0800328c   0x0800328c   0x00000028   Code   RO          744    i.HAL_SYSTICK_Config  stm32f4xx_hal_cortex.o
    0x080032b4   0x080032b4   0x00000002   Code   RO         2462    i.HAL_TIMEx_BreakCallback  stm32f4xx_hal_tim_ex.o
    0x080032b6   0x080032b6   0x00000002   Code   RO         2463    i.HAL_TIMEx_CommutationCallback  stm32f4xx_hal_tim_ex.o
    0x080032b8   0x080032b8   0x00000036   Code   RO         1833    i.HAL_TIM_Base_Init  stm32f4xx_hal_tim.o
    0x080032ee   0x080032ee   0x00000002   PAD
    0x080032f0   0x080032f0   0x0000003c   Code   RO         5049    i.HAL_TIM_Base_MspInit  timer.o
    0x0800332c   0x0800332c   0x00000018   Code   RO         1838    i.HAL_TIM_Base_Start_IT  stm32f4xx_hal_tim.o
    0x08003344   0x08003344   0x00000002   Code   RO         1862    i.HAL_TIM_IC_CaptureCallback  stm32f4xx_hal_tim.o
    0x08003346   0x08003346   0x00000166   Code   RO         1875    i.HAL_TIM_IRQHandler  stm32f4xx_hal_tim.o
    0x080034ac   0x080034ac   0x00000002   Code   RO         1878    i.HAL_TIM_OC_DelayElapsedCallback  stm32f4xx_hal_tim.o
    0x080034ae   0x080034ae   0x00000002   Code   RO         1905    i.HAL_TIM_PWM_PulseFinishedCallback  stm32f4xx_hal_tim.o
    0x080034b0   0x080034b0   0x00000018   Code   RO         5050    i.HAL_TIM_PeriodElapsedCallback  timer.o
    0x080034c8   0x080034c8   0x00000002   Code   RO         1916    i.HAL_TIM_TriggerCallback  stm32f4xx_hal_tim.o
    0x080034ca   0x080034ca   0x00000002   Code   RO         1264    i.HAL_UART_ErrorCallback  stm32f4xx_hal_uart.o
    0x080034cc   0x080034cc   0x00000006   Code   RO         1266    i.HAL_UART_GetState  stm32f4xx_hal_uart.o
    0x080034d2   0x080034d2   0x000000f4   Code   RO         1267    i.HAL_UART_IRQHandler  stm32f4xx_hal_uart.o
    0x080035c6   0x080035c6   0x0000005e   Code   RO         1268    i.HAL_UART_Init     stm32f4xx_hal_uart.o
    0x08003624   0x08003624   0x0000007c   Code   RO         4345    i.HAL_UART_MspInit  usart.o
    0x080036a0   0x080036a0   0x00000068   Code   RO         1273    i.HAL_UART_Receive_IT  stm32f4xx_hal_uart.o
    0x08003708   0x08003708   0x00000058   Code   RO         4346    i.HAL_UART_RxCpltCallback  usart.o
    0x08003760   0x08003760   0x00000002   Code   RO         1279    i.HAL_UART_TxCpltCallback  stm32f4xx_hal_uart.o
    0x08003762   0x08003762   0x00000002   Code   RO          353    i.HardFault_Handler  stm32f4xx_it.o
    0x08003764   0x08003764   0x00000040   Code   RO         4853    i.IIC_Ack           myiic.o
    0x080037a4   0x080037a4   0x00000048   Code   RO         4854    i.IIC_Init          myiic.o
    0x080037ec   0x080037ec   0x00000040   Code   RO         4855    i.IIC_NAck          myiic.o
    0x0800382c   0x0800382c   0x00000068   Code   RO         4856    i.IIC_Read_Byte     myiic.o
    0x08003894   0x08003894   0x00000060   Code   RO         4857    i.IIC_Send_Byte     myiic.o
    0x080038f4   0x080038f4   0x00000040   Code   RO         4858    i.IIC_Start         myiic.o
    0x08003934   0x08003934   0x00000044   Code   RO         4859    i.IIC_Stop          myiic.o
    0x08003978   0x08003978   0x00000054   Code   RO         4860    i.IIC_Wait_Ack      myiic.o
    0x080039cc   0x080039cc   0x00000080   Code   RO         4435    i.KEY_Init          key.o
    0x08003a4c   0x08003a4c   0x0000000e   Code   RO         4971    i.LAN8720_Get_Speed  lan8720.o
    0x08003a5a   0x08003a5a   0x00000002   PAD
    0x08003a5c   0x08003a5c   0x00000088   Code   RO         4972    i.LAN8720_Init      lan8720.o
    0x08003ae4   0x08003ae4   0x00000014   Code   RO         4973    i.LAN8720_ReadPHY   lan8720.o
    0x08003af8   0x08003af8   0x00000048   Code   RO         4468    i.LCD_Clear         lcd.o
    0x08003b40   0x08003b40   0x000000f4   Code   RO         4472    i.LCD_Display_Dir   lcd.o
    0x08003c34   0x08003c34   0x000000fc   Code   RO         4477    i.LCD_Fast_DrawPoint  lcd.o
    0x08003d30   0x08003d30   0x00000060   Code   RO         4478    i.LCD_Fill          lcd.o
    0x08003d90   0x08003d90   0x0000238c   Code   RO         4479    i.LCD_Init          lcd.o
    0x0800611c   0x0800611c   0x00000014   Code   RO         4481    i.LCD_RD_DATA       lcd.o
    0x08006130   0x08006130   0x00000050   Code   RO         4484    i.LCD_SSD_BackLightSet  lcd.o
    0x08006180   0x08006180   0x000001b8   Code   RO         4485    i.LCD_Scan_Dir      lcd.o
    0x08006338   0x08006338   0x00000104   Code   RO         4486    i.LCD_SetCursor     lcd.o
    0x0800643c   0x0800643c   0x000000dc   Code   RO         4488    i.LCD_ShowChar      lcd.o
    0x08006518   0x08006518   0x00000054   Code   RO         4490    i.LCD_ShowString    lcd.o
    0x0800656c   0x0800656c   0x00000018   Code   RO         4492    i.LCD_WR_DATA       lcd.o
    0x08006584   0x08006584   0x00000018   Code   RO         4493    i.LCD_WR_REG        lcd.o
    0x0800659c   0x0800659c   0x00000014   Code   RO         4495    i.LCD_WriteRAM_Prepare  lcd.o
    0x080065b0   0x080065b0   0x00000010   Code   RO         4496    i.LCD_WriteReg      lcd.o
    0x080065c0   0x080065c0   0x00000154   Code   RO         5852    i.LEDS_CGI_Handler  httpd_cgi_ssi.o
    0x08006714   0x08006714   0x0000004c   Code   RO         4411    i.LED_Init          led.o
    0x08006760   0x08006760   0x00000020   Code   RO         4740    i.LTDC_Clear        ltdc.o
    0x08006780   0x08006780   0x0000001e   Code   RO         4741    i.LTDC_Clk_Set      ltdc.o
    0x0800679e   0x0800679e   0x00000002   PAD
    0x080067a0   0x080067a0   0x00000028   Code   RO         4743    i.LTDC_Display_Dir  ltdc.o
    0x080067c8   0x080067c8   0x0000003c   Code   RO         4744    i.LTDC_Draw_Point   ltdc.o
    0x08006804   0x08006804   0x000000ac   Code   RO         4745    i.LTDC_Fill         ltdc.o
    0x080068b0   0x080068b0   0x000001b4   Code   RO         4746    i.LTDC_Init         ltdc.o
    0x08006a64   0x08006a64   0x0000005c   Code   RO         4747    i.LTDC_Layer_Parameter_Config  ltdc.o
    0x08006ac0   0x08006ac0   0x00000024   Code   RO         4749    i.LTDC_Layer_Window_Config  ltdc.o
    0x08006ae4   0x08006ae4   0x000000b8   Code   RO         4750    i.LTDC_PanelID_Read  ltdc.o
    0x08006b9c   0x08006b9c   0x00000162   Code   RO         3182    i.LTDC_SetConfig    stm32f4xx_hal_ltdc.o
    0x08006cfe   0x08006cfe   0x00000002   PAD
    0x08006d00   0x08006d00   0x00000038   Code   RO         5099    i.MY_ADC_Init       adc.o
    0x08006d38   0x08006d38   0x00000002   Code   RO          354    i.MemManage_Handler  stm32f4xx_it.o
    0x08006d3a   0x08006d3a   0x00000002   Code   RO          355    i.NMI_Handler       stm32f4xx_it.o
    0x08006d3c   0x08006d3c   0x00000020   Code   RO          746    i.NVIC_SetPriority  stm32f4xx_hal_cortex.o
    0x08006d5c   0x08006d5c   0x0000005c   Code   RO         4919    i.PCF8574_Init      pcf8574.o
    0x08006db8   0x08006db8   0x00000018   Code   RO         4920    i.PCF8574_ReadBit   pcf8574.o
    0x08006dd0   0x08006dd0   0x00000020   Code   RO         4921    i.PCF8574_ReadOneByte  pcf8574.o
    0x08006df0   0x08006df0   0x00000020   Code   RO         4922    i.PCF8574_WriteBit  pcf8574.o
    0x08006e10   0x08006e10   0x0000002a   Code   RO         4923    i.PCF8574_WriteOneByte  pcf8574.o
    0x08006e3a   0x08006e3a   0x00000002   Code   RO          356    i.PendSV_Handler    stm32f4xx_it.o
    0x08006e3c   0x08006e3c   0x00000068   Code   RO         5853    i.RTCTime_Handler   httpd_cgi_ssi.o
    0x08006ea4   0x08006ea4   0x0000000c   Code   RO         5149    i.RTC_Alarm_IRQHandler  rtc.o
    0x08006eb0   0x08006eb0   0x00000012   Code   RO         3931    i.RTC_Bcd2ToByte    stm32f4xx_hal_rtc.o
    0x08006ec2   0x08006ec2   0x00000016   Code   RO         3932    i.RTC_ByteToBcd2    stm32f4xx_hal_rtc.o
    0x08006ed8   0x08006ed8   0x00000038   Code   RO         3933    i.RTC_EnterInitMode  stm32f4xx_hal_rtc.o
    0x08006f10   0x08006f10   0x00000064   Code   RO         5150    i.RTC_Init          rtc.o
    0x08006f74   0x08006f74   0x00000024   Code   RO         5152    i.RTC_Set_Date      rtc.o
    0x08006f98   0x08006f98   0x0000002c   Code   RO         5153    i.RTC_Set_Time      rtc.o
    0x08006fc4   0x08006fc4   0x0000000c   Code   RO         5155    i.RTC_WKUP_IRQHandler  rtc.o
    0x08006fd0   0x08006fd0   0x0000008c   Code   RO         5854    i.RTCdate_Handler   httpd_cgi_ssi.o
    0x0800705c   0x0800705c   0x0000009c   Code   RO         4688    i.SDRAM_Init        sdram.o
    0x080070f8   0x080070f8   0x00000034   Code   RO         4689    i.SDRAM_Send_Cmd    sdram.o
    0x0800712c   0x0800712c   0x0000003c   Code   RO         5855    i.SSIHandler        httpd_cgi_ssi.o
    0x08007168   0x08007168   0x00000002   Code   RO          357    i.SVC_Handler       stm32f4xx_it.o
    0x0800716a   0x0800716a   0x00000002   PAD
    0x0800716c   0x0800716c   0x00000084   Code   RO         4318    i.Stm32_Clock_Init  sys.o
    0x080071f0   0x080071f0   0x00000004   Code   RO          358    i.SysTick_Handler   stm32f4xx_it.o
    0x080071f4   0x080071f4   0x00000054   Code   RO          430    i.SystemInit        system_stm32f4xx.o
    0x08007248   0x08007248   0x0000000c   Code   RO         5051    i.TIM3_IRQHandler   timer.o
    0x08007254   0x08007254   0x0000002c   Code   RO         5052    i.TIM3_Init         timer.o
    0x08007280   0x08007280   0x00000034   Code   RO         5229    i.TIM4_IRQHandler   usmart.o
    0x080072b4   0x080072b4   0x000000c0   Code   RO         1917    i.TIM_Base_SetConfig  stm32f4xx_hal_tim.o
    0x08007374   0x08007374   0x00000062   Code   RO         5856    i.Temperate_Handler  httpd_cgi_ssi.o
    0x080073d6   0x080073d6   0x00000002   PAD
    0x080073d8   0x080073d8   0x00000054   Code   RO         5230    i.Timer4_Init       usmart.o
    0x0800742c   0x0800742c   0x000000a6   Code   RO         1286    i.UART_Receive_IT   stm32f4xx_hal_uart.o
    0x080074d2   0x080074d2   0x00000002   PAD
    0x080074d4   0x080074d4   0x00000174   Code   RO         1287    i.UART_SetConfig    stm32f4xx_hal_uart.o
    0x08007648   0x08007648   0x00000066   Code   RO         1288    i.UART_Transmit_IT  stm32f4xx_hal_uart.o
    0x080076ae   0x080076ae   0x00000002   PAD
    0x080076b0   0x080076b0   0x00000044   Code   RO         4347    i.USART1_IRQHandler  usart.o
    0x080076f4   0x080076f4   0x00000002   Code   RO          359    i.UsageFault_Handler  stm32f4xx_it.o
    0x080076f6   0x080076f6   0x0000000e   Code   RO         7586    i._is_digit         c_w.l(__printf_wp.o)
    0x08007704   0x08007704   0x00000002   Code   RO         4348    i._sys_exit         usart.o
    0x08007706   0x08007706   0x00000002   PAD
    0x08007708   0x08007708   0x0000001c   Code   RO         7301    i.arp_timer         timers.o
    0x08007724   0x08007724   0x00000014   Code   RO         4279    i.delay_init        delay.o
    0x08007738   0x08007738   0x0000001a   Code   RO         4280    i.delay_ms          delay.o
    0x08007752   0x08007752   0x00000002   PAD
    0x08007754   0x08007754   0x00000034   Code   RO         4281    i.delay_us          delay.o
    0x08007788   0x08007788   0x0000008c   Code   RO         6375    i.dhcp_arp_reply    dhcp.o
    0x08007814   0x08007814   0x00000164   Code   RO         6376    i.dhcp_bind         dhcp.o
    0x08007978   0x08007978   0x00000030   Code   RO         6377    i.dhcp_check        dhcp.o
    0x080079a8   0x080079a8   0x00000060   Code   RO         6379    i.dhcp_coarse_tmr   dhcp.o
    0x08007a08   0x08007a08   0x0000029c   Code   RO         6380    i.dhcp_create_msg   dhcp.o
    0x08007ca4   0x08007ca4   0x00000078   Code   RO         6381    i.dhcp_decline      dhcp.o
    0x08007d1c   0x08007d1c   0x00000110   Code   RO         6382    i.dhcp_delete_msg   dhcp.o
    0x08007e2c   0x08007e2c   0x000000bc   Code   RO         6383    i.dhcp_discover     dhcp.o
    0x08007ee8   0x08007ee8   0x00000034   Code   RO         6384    i.dhcp_fine_tmr     dhcp.o
    0x08007f1c   0x08007f1c   0x0000005c   Code   RO         6385    i.dhcp_handle_ack   dhcp.o
    0x08007f78   0x08007f78   0x00000094   Code   RO         6388    i.dhcp_option       dhcp.o
    0x0800800c   0x0800800c   0x000000b8   Code   RO         6389    i.dhcp_option_byte  dhcp.o
    0x080080c4   0x080080c4   0x000000ec   Code   RO         6390    i.dhcp_option_long  dhcp.o
    0x080081b0   0x080081b0   0x00000090   Code   RO         6391    i.dhcp_option_short  dhcp.o
    0x08008240   0x08008240   0x00000148   Code   RO         6392    i.dhcp_option_trailer  dhcp.o
    0x08008388   0x08008388   0x00000374   Code   RO         6393    i.dhcp_parse_reply  dhcp.o
    0x080086fc   0x080086fc   0x00000088   Code   RO         6394    i.dhcp_rebind       dhcp.o
    0x08008784   0x08008784   0x000000a0   Code   RO         6395    i.dhcp_reboot       dhcp.o
    0x08008824   0x08008824   0x00000188   Code   RO         6396    i.dhcp_recv         dhcp.o
    0x080089ac   0x080089ac   0x000000a4   Code   RO         6397    i.dhcp_release      dhcp.o
    0x08008a50   0x08008a50   0x00000084   Code   RO         6398    i.dhcp_renew        dhcp.o
    0x08008ad4   0x08008ad4   0x000000e8   Code   RO         6399    i.dhcp_select       dhcp.o
    0x08008bbc   0x08008bbc   0x00000010   Code   RO         6400    i.dhcp_set_state    dhcp.o
    0x08008bcc   0x08008bcc   0x00000160   Code   RO         6402    i.dhcp_start        dhcp.o
    0x08008d2c   0x08008d2c   0x000000d4   Code   RO         6403    i.dhcp_stop         dhcp.o
    0x08008e00   0x08008e00   0x00000088   Code   RO         6404    i.dhcp_timeout      dhcp.o
    0x08008e88   0x08008e88   0x0000001c   Code   RO         7302    i.dhcp_timer_coarse  timers.o
    0x08008ea4   0x08008ea4   0x0000001c   Code   RO         7303    i.dhcp_timer_fine   timers.o
    0x08008ec0   0x08008ec0   0x00000164   Code   RO         5926    i.etharp_arp_input  etharp.o
    0x08009024   0x08009024   0x00000030   Code   RO         5927    i.etharp_cleanup_netif  etharp.o
    0x08009054   0x08009054   0x0000023c   Code   RO         5929    i.etharp_find_entry  etharp.o
    0x08009290   0x08009290   0x00000024   Code   RO         5930    i.etharp_free_entry  etharp.o
    0x080092b4   0x080092b4   0x000001b0   Code   RO         5931    i.etharp_output     etharp.o
    0x08009464   0x08009464   0x000000dc   Code   RO         5932    i.etharp_output_to_arp_index  etharp.o
    0x08009540   0x08009540   0x000001c4   Code   RO         5933    i.etharp_query      etharp.o
    0x08009704   0x08009704   0x00000178   Code   RO         5934    i.etharp_raw        etharp.o
    0x0800987c   0x0800987c   0x00000024   Code   RO         5935    i.etharp_request    etharp.o
    0x080098a0   0x080098a0   0x000000a0   Code   RO         5936    i.etharp_send_ip    etharp.o
    0x08009940   0x08009940   0x00000048   Code   RO         5937    i.etharp_tmr        etharp.o
    0x08009988   0x08009988   0x00000110   Code   RO         5938    i.etharp_update_arp_entry  etharp.o
    0x08009a98   0x08009a98   0x00000118   Code   RO         5939    i.ethernet_input    etharp.o
    0x08009bb0   0x08009bb0   0x0000009c   Code   RO         6027    i.ethernetif_init   ethernetif.o
    0x08009c4c   0x08009c4c   0x00000026   Code   RO         6028    i.ethernetif_input  ethernetif.o
    0x08009c72   0x08009c72   0x00000068   Code   RO         5699    i.extract_uri_parameters  httpd.o
    0x08009cda   0x08009cda   0x00000002   PAD
    0x08009cdc   0x08009cdc   0x00000014   Code   RO         4349    i.fputc             usart.o
    0x08009cf0   0x08009cf0   0x00000008   Code   RO         5624    i.fs_bytes_left     fs.o
    0x08009cf8   0x08009cf8   0x00000004   Code   RO         5625    i.fs_close          fs.o
    0x08009cfc   0x08009cfc   0x0000002c   Code   RO         5626    i.fs_free           fs.o
    0x08009d28   0x08009d28   0x00000070   Code   RO         5627    i.fs_open           fs.o
    0x08009d98   0x08009d98   0x00000034   Code   RO         5628    i.fs_read           fs.o
    0x08009dcc   0x08009dcc   0x00000130   Code   RO         5700    i.get_tag_insert    httpd.o
    0x08009efc   0x08009efc   0x00000104   Code   RO         5701    i.http_accept       httpd.o
    0x0800a000   0x0800a000   0x00000054   Code   RO         5702    i.http_close_conn   httpd.o
    0x0800a054   0x0800a054   0x0000000a   Code   RO         5703    i.http_err          httpd.o
    0x0800a05e   0x0800a05e   0x00000002   PAD
    0x0800a060   0x0800a060   0x00000104   Code   RO         5704    i.http_find_file    httpd.o
    0x0800a164   0x0800a164   0x00000054   Code   RO         5705    i.http_get_404_file  httpd.o
    0x0800a1b8   0x0800a1b8   0x00000138   Code   RO         5706    i.http_init_file    httpd.o
    0x0800a2f0   0x0800a2f0   0x00000178   Code   RO         5707    i.http_parse_request  httpd.o
    0x0800a468   0x0800a468   0x00000032   Code   RO         5708    i.http_poll         httpd.o
    0x0800a49a   0x0800a49a   0x00000002   PAD
    0x0800a49c   0x0800a49c   0x00000118   Code   RO         5709    i.http_recv         httpd.o
    0x0800a5b4   0x0800a5b4   0x000004c8   Code   RO         5710    i.http_send_data    httpd.o
    0x0800aa7c   0x0800aa7c   0x00000016   Code   RO         5711    i.http_sent         httpd.o
    0x0800aa92   0x0800aa92   0x00000002   PAD
    0x0800aa94   0x0800aa94   0x000000b8   Code   RO         5712    i.http_set_cgi_handlers  httpd.o
    0x0800ab4c   0x0800ab4c   0x000000e0   Code   RO         5713    i.http_set_ssi_handler  httpd.o
    0x0800ac2c   0x0800ac2c   0x00000028   Code   RO         5714    i.http_state_free   httpd.o
    0x0800ac54   0x0800ac54   0x000000b4   Code   RO         5715    i.http_write        httpd.o
    0x0800ad08   0x0800ad08   0x0000000c   Code   RO         5857    i.httpd_cgi_init    httpd_cgi_ssi.o
    0x0800ad14   0x0800ad14   0x00000018   Code   RO         5716    i.httpd_init        httpd.o
    0x0800ad2c   0x0800ad2c   0x00000120   Code   RO         5717    i.httpd_init_addr   httpd.o
    0x0800ae4c   0x0800ae4c   0x00000014   Code   RO         5858    i.httpd_ssi_init    httpd_cgi_ssi.o
    0x0800ae60   0x0800ae60   0x00000008   Code   RO         6093    i.icmp_dest_unreach  icmp.o
    0x0800ae68   0x0800ae68   0x00000280   Code   RO         6094    i.icmp_input        icmp.o
    0x0800b0e8   0x0800b0e8   0x000000f8   Code   RO         6095    i.icmp_send_response  icmp.o
    0x0800b1e0   0x0800b1e0   0x00000008   Code   RO         6096    i.icmp_time_exceeded  icmp.o
    0x0800b1e8   0x0800b1e8   0x0000000c   Code   RO         6147    i.inet_chksum       inet_chksum.o
    0x0800b1f4   0x0800b1f4   0x00000048   Code   RO         6148    i.inet_chksum_pbuf  inet_chksum.o
    0x0800b23c   0x0800b23c   0x0000002e   Code   RO         6233    i.ip4_addr_isbroadcast  ip_addr.o
    0x0800b26a   0x0800b26a   0x00000002   PAD
    0x0800b26c   0x0800b26c   0x000001f8   Code   RO         6287    i.ip_frag           ip_frag.o
    0x0800b464   0x0800b464   0x00000084   Code   RO         6288    i.ip_frag_free_pbuf_custom_ref  ip_frag.o
    0x0800b4e8   0x0800b4e8   0x00000178   Code   RO         6185    i.ip_input          ip.o
    0x0800b660   0x0800b660   0x000000a8   Code   RO         6186    i.ip_output         ip.o
    0x0800b708   0x0800b708   0x00000164   Code   RO         6187    i.ip_output_if      ip.o
    0x0800b86c   0x0800b86c   0x000001a4   Code   RO         6289    i.ip_reass          ip_frag.o
    0x0800ba10   0x0800ba10   0x00000274   Code   RO         6290    i.ip_reass_chain_frag_into_datagram_and_validate  ip_frag.o
    0x0800bc84   0x0800bc84   0x000000ac   Code   RO         6291    i.ip_reass_dequeue_datagram  ip_frag.o
    0x0800bd30   0x0800bd30   0x00000184   Code   RO         6292    i.ip_reass_free_complete_datagram  ip_frag.o
    0x0800beb4   0x0800beb4   0x00000074   Code   RO         6293    i.ip_reass_remove_oldest_datagram  ip_frag.o
    0x0800bf28   0x0800bf28   0x0000001c   Code   RO         7304    i.ip_reass_timer    timers.o
    0x0800bf44   0x0800bf44   0x0000002c   Code   RO         6294    i.ip_reass_tmr      ip_frag.o
    0x0800bf70   0x0800bf70   0x00000040   Code   RO         6188    i.ip_route          ip.o
    0x0800bfb0   0x0800bfb0   0x0000008c   Code   RO         6295    i.ipfrag_free_pbuf_custom  ip_frag.o
    0x0800c03c   0x0800c03c   0x0000007c   Code   RO         6029    i.low_level_init    ethernetif.o
    0x0800c0b8   0x0800c0b8   0x000000bc   Code   RO         6030    i.low_level_input   ethernetif.o
    0x0800c174   0x0800c174   0x000000a8   Code   RO         6031    i.low_level_output  ethernetif.o
    0x0800c21c   0x0800c21c   0x00000050   Code   RO         5506    i.lwip_comm_default_ip_set  lwip_comm.o
    0x0800c26c   0x0800c26c   0x00000090   Code   RO         5507    i.lwip_comm_init    lwip_comm.o
    0x0800c2fc   0x0800c2fc   0x0000002c   Code   RO         5509    i.lwip_comm_mem_malloc  lwip_comm.o
    0x0800c328   0x0800c328   0x000002c4   Code   RO         5510    i.lwip_dhcp_process_handle  lwip_comm.o
    0x0800c5ec   0x0800c5ec   0x00000004   Code   RO         6346    i.lwip_htonl        def.o
    0x0800c5f0   0x0800c5f0   0x00000004   Code   RO         6347    i.lwip_htons        def.o
    0x0800c5f4   0x0800c5f4   0x0000001e   Code   RO         6556    i.lwip_init         init.o
    0x0800c612   0x0800c612   0x00000004   Code   RO         6348    i.lwip_ntohl        def.o
    0x0800c616   0x0800c616   0x00000004   Code   RO         6349    i.lwip_ntohs        def.o
    0x0800c61a   0x0800c61a   0x00000002   PAD
    0x0800c61c   0x0800c61c   0x00000050   Code   RO         5511    i.lwip_periodic_handle  lwip_comm.o
    0x0800c66c   0x0800c66c   0x0000000c   Code   RO         5512    i.lwip_pkt_handle   lwip_comm.o
    0x0800c678   0x0800c678   0x00000056   Code   RO         6151    i.lwip_standard_chksum  inet_chksum.o
    0x0800c6ce   0x0800c6ce   0x00000002   PAD
    0x0800c6d0   0x0800c6d0   0x000001a4   Code   RO            4    i.lwip_test_ui      main.o
    0x0800c874   0x0800c874   0x00000184   Code   RO            5    i.main              main.o
    0x0800c9f8   0x0800c9f8   0x00000114   Code   RO         6590    i.mem_free          mem.o
    0x0800cb0c   0x0800cb0c   0x00000030   Code   RO         6591    i.mem_init          mem.o
    0x0800cb3c   0x0800cb3c   0x000001f8   Code   RO         6592    i.mem_malloc        mem.o
    0x0800cd34   0x0800cd34   0x0000017c   Code   RO         6593    i.mem_trim          mem.o
    0x0800ceb0   0x0800ceb0   0x0000009c   Code   RO         6633    i.memp_free         memp.o
    0x0800cf4c   0x0800cf4c   0x00000006   Code   RO         6634    i.memp_get_memorysize  memp.o
    0x0800cf52   0x0800cf52   0x00000002   PAD
    0x0800cf54   0x0800cf54   0x0000005c   Code   RO         6635    i.memp_init         memp.o
    0x0800cfb0   0x0800cfb0   0x000000d8   Code   RO         6636    i.memp_malloc       memp.o
    0x0800d088   0x0800d088   0x00000058   Code   RO         5423    i.my_mem_free       malloc.o
    0x0800d0e0   0x0800d0e0   0x0000002c   Code   RO         5424    i.my_mem_init       malloc.o
    0x0800d10c   0x0800d10c   0x00000088   Code   RO         5425    i.my_mem_malloc     malloc.o
    0x0800d194   0x0800d194   0x0000003c   Code   RO         5426    i.my_mem_perused    malloc.o
    0x0800d1d0   0x0800d1d0   0x00000018   Code   RO         5427    i.myfree            malloc.o
    0x0800d1e8   0x0800d1e8   0x00000020   Code   RO         5428    i.mymalloc          malloc.o
    0x0800d208   0x0800d208   0x0000000c   Code   RO         5430    i.mymemset          malloc.o
    0x0800d214   0x0800d214   0x000000cc   Code   RO         6677    i.netif_add         netif.o
    0x0800d2e0   0x0800d2e0   0x00000002   Code   RO         6679    i.netif_init        netif.o
    0x0800d2e2   0x0800d2e2   0x00000020   Code   RO         6681    i.netif_set_addr    netif.o
    0x0800d302   0x0800d302   0x00000002   PAD
    0x0800d304   0x0800d304   0x0000000c   Code   RO         6682    i.netif_set_default  netif.o
    0x0800d310   0x0800d310   0x0000001a   Code   RO         6683    i.netif_set_down    netif.o
    0x0800d32a   0x0800d32a   0x00000008   Code   RO         6684    i.netif_set_gw      netif.o
    0x0800d332   0x0800d332   0x00000002   PAD
    0x0800d334   0x0800d334   0x00000068   Code   RO         6685    i.netif_set_ipaddr  netif.o
    0x0800d39c   0x0800d39c   0x00000008   Code   RO         6688    i.netif_set_netmask  netif.o
    0x0800d3a4   0x0800d3a4   0x00000020   Code   RO         6689    i.netif_set_up      netif.o
    0x0800d3c4   0x0800d3c4   0x0000035c   Code   RO         6767    i.pbuf_alloc        pbuf.o
    0x0800d720   0x0800d720   0x000000d8   Code   RO         6768    i.pbuf_alloced_custom  pbuf.o
    0x0800d7f8   0x0800d7f8   0x00000128   Code   RO         6769    i.pbuf_cat          pbuf.o
    0x0800d920   0x0800d920   0x00000012   Code   RO         6770    i.pbuf_chain        pbuf.o
    0x0800d932   0x0800d932   0x00000012   Code   RO         6771    i.pbuf_clen         pbuf.o
    0x0800d944   0x0800d944   0x000001e0   Code   RO         6773    i.pbuf_copy         pbuf.o
    0x0800db24   0x0800db24   0x00000114   Code   RO         6774    i.pbuf_copy_partial  pbuf.o
    0x0800dc38   0x0800dc38   0x0000015c   Code   RO         6776    i.pbuf_free         pbuf.o
    0x0800dd94   0x0800dd94   0x00000118   Code   RO         6778    i.pbuf_header       pbuf.o
    0x0800deac   0x0800deac   0x00000188   Code   RO         6781    i.pbuf_realloc      pbuf.o
    0x0800e034   0x0800e034   0x0000000c   Code   RO         6782    i.pbuf_ref          pbuf.o
    0x0800e040   0x0800e040   0x0000016c   Code   RO         6594    i.plug_holes        mem.o
    0x0800e1ac   0x0800e1ac   0x00000074   Code   RO         6882    i.raw_input         raw.o
    0x0800e220   0x0800e220   0x00000004   Code   RO         5231    i.read_addr         usmart.o
    0x0800e224   0x0800e224   0x00000040   Code   RO         5718    i.strnstr           httpd.o
    0x0800e264   0x0800e264   0x00000050   Code   RO         7305    i.sys_check_timeouts  timers.o
    0x0800e2b4   0x0800e2b4   0x0000000c   Code   RO         7462    i.sys_now           sys_arch.o
    0x0800e2c0   0x0800e2c0   0x00000100   Code   RO         7307    i.sys_timeout       timers.o
    0x0800e3c0   0x0800e3c0   0x00000050   Code   RO         7308    i.sys_timeouts_init  timers.o
    0x0800e410   0x0800e410   0x00000128   Code   RO         6942    i.tcp_abandon       tcp.o
    0x0800e538   0x0800e538   0x00000006   Code   RO         6943    i.tcp_abort         tcp.o
    0x0800e53e   0x0800e53e   0x00000004   Code   RO         6944    i.tcp_accept        tcp.o
    0x0800e542   0x0800e542   0x00000006   Code   RO         6945    i.tcp_accept_null   tcp.o
    0x0800e548   0x0800e548   0x000000f8   Code   RO         6946    i.tcp_alloc         tcp.o
    0x0800e640   0x0800e640   0x00000004   Code   RO         6947    i.tcp_arg           tcp.o
    0x0800e644   0x0800e644   0x00000108   Code   RO         6948    i.tcp_bind          tcp.o
    0x0800e74c   0x0800e74c   0x00000014   Code   RO         6949    i.tcp_close         tcp.o
    0x0800e760   0x0800e760   0x000001a4   Code   RO         6950    i.tcp_close_shutdown  tcp.o
    0x0800e904   0x0800e904   0x0000009a   Code   RO         7203    i.tcp_create_segment  tcp_out.o
    0x0800e99e   0x0800e99e   0x00000020   Code   RO         6953    i.tcp_eff_send_mss  tcp.o
    0x0800e9be   0x0800e9be   0x00000002   PAD
    0x0800e9c0   0x0800e9c0   0x00000220   Code   RO         7204    i.tcp_enqueue_flags  tcp_out.o
    0x0800ebe0   0x0800ebe0   0x00000098   Code   RO         6954    i.tcp_err           tcp.o
    0x0800ec78   0x0800ec78   0x0000005c   Code   RO         6955    i.tcp_fasttmr       tcp.o
    0x0800ecd4   0x0800ecd4   0x00000002   Code   RO         6956    i.tcp_init          tcp.o
    0x0800ecd6   0x0800ecd6   0x00000002   PAD
    0x0800ecd8   0x0800ecd8   0x0000050c   Code   RO         7155    i.tcp_input         tcp_in.o
    0x0800f1e4   0x0800f1e4   0x0000003c   Code   RO         7205    i.tcp_keepalive     tcp_out.o
    0x0800f220   0x0800f220   0x000000e4   Code   RO         7156    i.tcp_listen_input  tcp_in.o
    0x0800f304   0x0800f304   0x0000010c   Code   RO         6957    i.tcp_listen_with_backlog  tcp.o
    0x0800f410   0x0800f410   0x00000006   Code   RO         6958    i.tcp_new           tcp.o
    0x0800f416   0x0800f416   0x00000002   PAD
    0x0800f418   0x0800f418   0x0000005c   Code   RO         6959    i.tcp_new_port      tcp.o
    0x0800f474   0x0800f474   0x00000010   Code   RO         6960    i.tcp_next_iss      tcp.o
    0x0800f484   0x0800f484   0x0000024c   Code   RO         7206    i.tcp_output        tcp_out.o
    0x0800f6d0   0x0800f6d0   0x00000104   Code   RO         7207    i.tcp_output_alloc_header  tcp_out.o
    0x0800f7d4   0x0800f7d4   0x000000b0   Code   RO         7208    i.tcp_output_segment  tcp_out.o
    0x0800f884   0x0800f884   0x00000080   Code   RO         7157    i.tcp_parseopt      tcp_in.o
    0x0800f904   0x0800f904   0x000000d0   Code   RO         7209    i.tcp_pbuf_prealloc  tcp_out.o
    0x0800f9d4   0x0800f9d4   0x0000003a   Code   RO         6961    i.tcp_pcb_purge     tcp.o
    0x0800fa0e   0x0800fa0e   0x00000002   PAD
    0x0800fa10   0x0800fa10   0x00000108   Code   RO         6962    i.tcp_pcb_remove    tcp.o
    0x0800fb18   0x0800fb18   0x00000098   Code   RO         6963    i.tcp_poll          tcp.o
    0x0800fbb0   0x0800fbb0   0x00000420   Code   RO         7158    i.tcp_process       tcp_in.o
    0x0800ffd0   0x0800ffd0   0x00000064   Code   RO         6964    i.tcp_process_refused_data  tcp.o
    0x08010034   0x08010034   0x0000069c   Code   RO         7159    i.tcp_receive       tcp_in.o
    0x080106d0   0x080106d0   0x00000098   Code   RO         6965    i.tcp_recv          tcp.o
    0x08010768   0x08010768   0x00000024   Code   RO         6966    i.tcp_recv_null     tcp.o
    0x0801078c   0x0801078c   0x00000104   Code   RO         6967    i.tcp_recved        tcp.o
    0x08010890   0x08010890   0x00000052   Code   RO         7210    i.tcp_rexmit        tcp_out.o
    0x080108e2   0x080108e2   0x00000058   Code   RO         7211    i.tcp_rexmit_fast   tcp_out.o
    0x0801093a   0x0801093a   0x0000002e   Code   RO         7212    i.tcp_rexmit_rto    tcp_out.o
    0x08010968   0x08010968   0x00000110   Code   RO         7213    i.tcp_rst           tcp_out.o
    0x08010a78   0x08010a78   0x0000001c   Code   RO         6968    i.tcp_seg_free      tcp.o
    0x08010a94   0x08010a94   0x00000012   Code   RO         6969    i.tcp_segs_free     tcp.o
    0x08010aa6   0x08010aa6   0x00000048   Code   RO         7214    i.tcp_send_empty_ack  tcp_out.o
    0x08010aee   0x08010aee   0x00000046   Code   RO         7215    i.tcp_send_fin      tcp_out.o
    0x08010b34   0x08010b34   0x00000098   Code   RO         6970    i.tcp_sent          tcp.o
    0x08010bcc   0x08010bcc   0x00000004   Code   RO         6971    i.tcp_setprio       tcp.o
    0x08010bd0   0x08010bd0   0x000004b4   Code   RO         6973    i.tcp_slowtmr       tcp.o
    0x08011084   0x08011084   0x00000034   Code   RO         7310    i.tcp_timer_needed  timers.o
    0x080110b8   0x080110b8   0x0000006c   Code   RO         7160    i.tcp_timewait_input  tcp_in.o
    0x08011124   0x08011124   0x00000020   Code   RO         6974    i.tcp_tmr           tcp.o
    0x08011144   0x08011144   0x000000b8   Code   RO         6975    i.tcp_update_rcv_ann_wnd  tcp.o
    0x080111fc   0x080111fc   0x00000554   Code   RO         7216    i.tcp_write         tcp_out.o
    0x08011750   0x08011750   0x00000134   Code   RO         7217    i.tcp_write_checks  tcp_out.o
    0x08011884   0x08011884   0x00000092   Code   RO         7218    i.tcp_zero_window_probe  tcp_out.o
    0x08011916   0x08011916   0x00000002   PAD
    0x08011918   0x08011918   0x00000038   Code   RO         7311    i.tcpip_tcp_timer   timers.o
    0x08011950   0x08011950   0x00000038   Code   RO         4350    i.uart_init         usart.o
    0x08011988   0x08011988   0x00000120   Code   RO         7370    i.udp_bind          udp.o
    0x08011aa8   0x08011aa8   0x0000004c   Code   RO         7371    i.udp_connect       udp.o
    0x08011af4   0x08011af4   0x00000002   Code   RO         7373    i.udp_init          udp.o
    0x08011af6   0x08011af6   0x00000002   PAD
    0x08011af8   0x08011af8   0x0000020c   Code   RO         7374    i.udp_input         udp.o
    0x08011d04   0x08011d04   0x0000001a   Code   RO         7375    i.udp_new           udp.o
    0x08011d1e   0x08011d1e   0x00000006   Code   RO         7376    i.udp_recv          udp.o
    0x08011d24   0x08011d24   0x0000002c   Code   RO         7377    i.udp_remove        udp.o
    0x08011d50   0x08011d50   0x0000014c   Code   RO         7380    i.udp_sendto_if     udp.o
    0x08011e9c   0x08011e9c   0x00000094   Code   RO         5232    i.usmart_cmd_rec    usmart.o
    0x08011f30   0x08011f30   0x00000260   Code   RO         5233    i.usmart_exe        usmart.o
    0x08012190   0x08012190   0x0000009c   Code   RO         5318    i.usmart_get_aparm  usmart_str.o
    0x0801222c   0x0801222c   0x0000002e   Code   RO         5319    i.usmart_get_cmdname  usmart_str.o
    0x0801225a   0x0801225a   0x00000002   PAD
    0x0801225c   0x0801225c   0x00000168   Code   RO         5320    i.usmart_get_fname  usmart_str.o
    0x080123c4   0x080123c4   0x000000d0   Code   RO         5321    i.usmart_get_fparam  usmart_str.o
    0x08012494   0x08012494   0x00000024   Code   RO         5322    i.usmart_get_parmpos  usmart_str.o
    0x080124b8   0x080124b8   0x00000030   Code   RO         5234    i.usmart_get_runtime  usmart.o
    0x080124e8   0x080124e8   0x00000028   Code   RO         5235    i.usmart_init       usmart.o
    0x08012510   0x08012510   0x00000010   Code   RO         5323    i.usmart_pow        usmart_str.o
    0x08012520   0x08012520   0x00000028   Code   RO         5236    i.usmart_reset_runtime  usmart.o
    0x08012548   0x08012548   0x000000a4   Code   RO         5237    i.usmart_scan       usmart.o
    0x080125ec   0x080125ec   0x00000010   Code   RO         5324    i.usmart_search_nextc  usmart_str.o
    0x080125fc   0x080125fc   0x000000a0   Code   RO         5325    i.usmart_str2num    usmart_str.o
    0x0801269c   0x0801269c   0x00000018   Code   RO         5326    i.usmart_strcmp     usmart_str.o
    0x080126b4   0x080126b4   0x00000012   Code   RO         5327    i.usmart_strcopy    usmart_str.o
    0x080126c6   0x080126c6   0x00000012   Code   RO         5328    i.usmart_strlen     usmart_str.o
    0x080126d8   0x080126d8   0x00000670   Code   RO         5238    i.usmart_sys_cmd_exe  usmart.o
    0x08012d48   0x08012d48   0x00000004   Code   RO         5239    i.write_addr        usmart.o
    0x08012d4c   0x08012d4c   0x00000150   Code   RO         7626    x$fpl$dadd          fz_wm.l(daddsub_clz.o)
    0x08012e9c   0x08012e9c   0x000002b0   Code   RO         7633    x$fpl$ddiv          fz_wm.l(ddiv.o)
    0x0801314c   0x0801314c   0x0000005e   Code   RO         7636    x$fpl$dfix          fz_wm.l(dfix.o)
    0x080131aa   0x080131aa   0x00000002   PAD
    0x080131ac   0x080131ac   0x0000005a   Code   RO         7640    x$fpl$dfixu         fz_wm.l(dfixu.o)
    0x08013206   0x08013206   0x00000026   Code   RO         7644    x$fpl$dfltu         fz_wm.l(dflt_clz.o)
    0x0801322c   0x0801322c   0x00000154   Code   RO         7650    x$fpl$dmul          fz_wm.l(dmul.o)
    0x08013380   0x08013380   0x0000009c   Code   RO         7668    x$fpl$dnaninf       fz_wm.l(dnaninf.o)
    0x0801341c   0x0801341c   0x0000000c   Code   RO         7670    x$fpl$dretinf       fz_wm.l(dretinf.o)
    0x08013428   0x08013428   0x000001d4   Code   RO         7628    x$fpl$dsub          fz_wm.l(daddsub_clz.o)
    0x080135fc   0x080135fc   0x00000056   Code   RO         7652    x$fpl$f2d           fz_wm.l(f2d.o)
    0x08013652   0x08013652   0x0000008c   Code   RO         7672    x$fpl$fnaninf       fz_wm.l(fnaninf.o)
    0x080136de   0x080136de   0x0000000a   Code   RO         7765    x$fpl$fpinit        fz_wm.l(fpinit.o)
    0x080136e8   0x080136e8   0x00000000   Code   RO         7674    x$fpl$usenofp       fz_wm.l(usenofp.o)
    0x080136e8   0x080136e8   0x00000010   Data   RO         1125    .constdata          stm32f4xx_hal_rcc.o
    0x080136f8   0x080136f8   0x00004740   Data   RO         4499    .constdata          lcd.o
    0x08017e38   0x08017e38   0x00000024   Data   RO         5438    .constdata          malloc.o
    0x08017e5c   0x08017e5c   0x00006401   Data   RO         5630    .constdata          fs.o
    0x0801e25d   0x0801e25d   0x0000bd9f   Data   RO         5631    .constdata          fs.o
    0x08029ffc   0x08029ffc   0x000005df   Data   RO         5632    .constdata          fs.o
    0x0802a5db   0x0802a5db   0x000009fc   Data   RO         5633    .constdata          fs.o
    0x0802afd7   0x0802afd7   0x00001564   Data   RO         5634    .constdata          fs.o
    0x0802c53b   0x0802c53b   0x00000c16   Data   RO         5635    .constdata          fs.o
    0x0802d151   0x0802d151   0x00000e98   Data   RO         5636    .constdata          fs.o
    0x0802dfe9   0x0802dfe9   0x00000e9d   Data   RO         5637    .constdata          fs.o
    0x0802ee86   0x0802ee86   0x00000e9c   Data   RO         5638    .constdata          fs.o
    0x0802fd22   0x0802fd22   0x00000e96   Data   RO         5639    .constdata          fs.o
    0x08030bb8   0x08030bb8   0x00000be6   Data   RO         5640    .constdata          fs.o
    0x0803179e   0x0803179e   0x00000002   PAD
    0x080317a0   0x080317a0   0x00000014   Data   RO         5641    .constdata          fs.o
    0x080317b4   0x080317b4   0x00000014   Data   RO         5642    .constdata          fs.o
    0x080317c8   0x080317c8   0x00000014   Data   RO         5643    .constdata          fs.o
    0x080317dc   0x080317dc   0x00000014   Data   RO         5644    .constdata          fs.o
    0x080317f0   0x080317f0   0x00000014   Data   RO         5645    .constdata          fs.o
    0x08031804   0x08031804   0x00000014   Data   RO         5646    .constdata          fs.o
    0x08031818   0x08031818   0x00000014   Data   RO         5647    .constdata          fs.o
    0x0803182c   0x0803182c   0x00000014   Data   RO         5648    .constdata          fs.o
    0x08031840   0x08031840   0x00000014   Data   RO         5649    .constdata          fs.o
    0x08031854   0x08031854   0x00000014   Data   RO         5650    .constdata          fs.o
    0x08031868   0x08031868   0x00000014   Data   RO         5651    .constdata          fs.o
    0x0803187c   0x0803187c   0x00000030   Data   RO         5720    .constdata          httpd.o
    0x080318ac   0x080318ac   0x00000010   Data   RO         5859    .constdata          httpd_cgi_ssi.o
    0x080318bc   0x080318bc   0x0000000c   Data   RO         5941    .constdata          etharp.o
    0x080318c8   0x080318c8   0x00000004   Data   RO         6240    .constdata          ip_addr.o
    0x080318cc   0x080318cc   0x00000004   Data   RO         6241    .constdata          ip_addr.o
    0x080318d0   0x080318d0   0x00000028   Data   RO         6638    .constdata          memp.o
    0x080318f8   0x080318f8   0x00000054   Data   RO         6976    .constdata          tcp.o
    0x0803194c   0x0803194c   0x00000028   Data   RO         7559    .constdata          c_w.l(_printf_hex_int.o)
    0x08031974   0x08031974   0x00000011   Data   RO         7594    .constdata          c_w.l(__printf_flags_ss_wp.o)
    0x08031985   0x08031985   0x00000003   PAD
    0x08031988   0x08031988   0x00000028   Data   RO         5241    .conststring        usmart.o
    0x080319b0   0x080319b0   0x0000007f   Data   RO         5397    .conststring        usmart_config.o
    0x08031a2f   0x08031a2f   0x00000001   PAD
    0x08031a30   0x08031a30   0x0000006a   Data   RO         5721    .conststring        httpd.o
    0x08031a9a   0x08031a9a   0x00000002   PAD
    0x08031a9c   0x08031a9c   0x00000026   Data   RO         5860    .conststring        httpd_cgi_ssi.o
    0x08031ac2   0x08031ac2   0x00000002   PAD
    0x08031ac4   0x08031ac4   0x00000044   Data   RO         5942    .conststring        etharp.o
    0x08031b08   0x08031b08   0x0000008c   Data   RO         6406    .conststring        dhcp.o
    0x08031b94   0x08031b94   0x00000075   Data   RO         6977    .conststring        tcp.o
    0x08031c09   0x08031c09   0x00000003   PAD
    0x08031c0c   0x08031c0c   0x00000055   Data   RO         7219    .conststring        tcp_out.o
    0x08031c61   0x08031c61   0x00000003   PAD
    0x08031c64   0x08031c64   0x00000020   Data   RO         7829    Region$$Table       anon$$obj.o


    Execution Region RW_IRAM1 (Exec base: 0x20000000, Load base: 0x08031c84, Size: 0x0001bbd0, Max: 0x00030000, ABSOLUTE, COMPRESSED[0x000000a8])

    Exec Addr    Load Addr    Size         Type   Attr      Idx    E Section Name        Object

    0x20000000   COMPRESSED   0x00000014   Data   RW          431    .data               system_stm32f4xx.o
    0x20000014   COMPRESSED   0x00000004   Data   RW          595    .data               stm32f4xx_hal.o
    0x20000018   COMPRESSED   0x00000004   Data   RW         4282    .data               delay.o
    0x2000001c   COMPRESSED   0x00000004   Data   RW         4352    .data               usart.o
    0x20000020   COMPRESSED   0x00000004   Data   RW         4353    .data               usart.o
    0x20000024   COMPRESSED   0x00000008   Data   RW         4500    .data               lcd.o
    0x2000002c   COMPRESSED   0x00000008   Data   RW         4757    .data               ltdc.o
    0x20000034   COMPRESSED   0x00000010   Data   RW         4976    .data               lan8720.o
    0x20000044   COMPRESSED   0x0000001c   Data   RW         5242    .data               usmart.o
    0x20000060   COMPRESSED   0x00000020   Data   RW         5398    .data               usmart_config.o
    0x20000080   COMPRESSED   0x000000f4   Data   RW         5399    .data               usmart_config.o
    0x20000174   COMPRESSED   0x00000024   Data   RW         5439    .data               malloc.o
    0x20000198   COMPRESSED   0x0000000c   Data   RW         5516    .data               lwip_comm.o
    0x200001a4   COMPRESSED   0x00000024   Data   RW         5722    .data               httpd.o
    0x200001c8   COMPRESSED   0x00000010   Data   RW         5861    .data               httpd_cgi_ssi.o
    0x200001d8   COMPRESSED   0x00000001   Data   RW         5943    .data               etharp.o
    0x200001d9   COMPRESSED   0x00000003   PAD
    0x200001dc   COMPRESSED   0x00000014   Data   RW         6189    .data               ip.o
    0x200001f0   COMPRESSED   0x00000008   Data   RW         6296    .data               ip_frag.o
    0x200001f8   COMPRESSED   0x00000004   Data   RW         6407    .data               dhcp.o
    0x200001fc   COMPRESSED   0x00000010   Data   RW         6595    .data               mem.o
    0x2000020c   COMPRESSED   0x00000004   Data   RW         6639    .data               memp.o
    0x20000210   COMPRESSED   0x0000000c   Data   RW         6690    .data               netif.o
    0x2000021c   COMPRESSED   0x00000004   Data   RW         6888    .data               raw.o
    0x20000220   COMPRESSED   0x00000024   Data   RW         6978    .data               tcp.o
    0x20000244   COMPRESSED   0x0000001c   Data   RW         7162    .data               tcp_in.o
    0x20000260   COMPRESSED   0x0000000c   Data   RW         7312    .data               timers.o
    0x2000026c   COMPRESSED   0x00000008   Data   RW         7381    .data               udp.o
    0x20000274        -       0x00000108   Zero   RW         4351    .bss                usart.o
    0x2000037c        -       0x0000005e   Zero   RW         4498    .bss                lcd.o
    0x200003da   COMPRESSED   0x00000002   PAD
    0x200003dc        -       0x00000034   Zero   RW         4690    .bss                sdram.o
    0x20000410        -       0x000000c8   Zero   RW         4755    .bss                ltdc.o
    0x200004d8        -       0x00000048   Zero   RW         4975    .bss                lan8720.o
    0x20000520        -       0x0000003c   Zero   RW         5053    .bss                timer.o
    0x2000055c        -       0x00000044   Zero   RW         5100    .bss                adc.o
    0x200005a0        -       0x00000020   Zero   RW         5156    .bss                rtc.o
    0x200005c0        -       0x0000003c   Zero   RW         5240    .bss                usmart.o
    0x200005fc   COMPRESSED   0x00000004   PAD
    0x20000600        -       0x00019000   Zero   RW         5436    .bss                malloc.o
    0x20019600        -       0x00001900   Zero   RW         5437    .bss                malloc.o
    0x2001af00        -       0x0000004c   Zero   RW         5513    .bss                lwip_comm.o
    0x2001af4c        -       0x000000f0   Zero   RW         5629    .bss                fs.o
    0x2001b03c        -       0x00000400   Zero   RW         5719    .bss                httpd.o
    0x2001b43c        -       0x000000c8   Zero   RW         5940    .bss                etharp.o
    0x2001b504        -       0x00000032   Zero   RW         6405    .bss                dhcp.o
    0x2001b536   COMPRESSED   0x00000002   PAD
    0x2001b538        -       0x00000028   Zero   RW         6637    .bss                memp.o
    0x2001b560        -       0x00000010   Zero   RW         7161    .bss                tcp_in.o
    0x2001b570        -       0x00000060   Zero   RW         7707    .bss                c_w.l(libspace.o)
    0x2001b5d0        -       0x00000200   Zero   RW          563    HEAP                startup_stm32f429xx.o
    0x2001b7d0        -       0x00000400   Zero   RW          562    STACK               startup_stm32f429xx.o



  Load Region LR$$.ARM.__AT_0x10000000 (Base: 0x10000000, Size: 0x00000000, Max: 0x0000f000, ABSOLUTE)

    Execution Region ER$$.ARM.__AT_0x10000000 (Exec base: 0x10000000, Load base: 0x10000000, Size: 0x0000f000, Max: 0x0000f000, ABSOLUTE, UNINIT)

    Exec Addr    Load Addr    Size         Type   Attr      Idx    E Section Name        Object

    0x10000000        -       0x0000f000   Zero   RW         5432    .ARM.__AT_0x10000000  malloc.o



  Load Region LR$$.ARM.__AT_0x1000F000 (Base: 0x1000f000, Size: 0x00000000, Max: 0x00000f00, ABSOLUTE)

    Execution Region ER$$.ARM.__AT_0x1000F000 (Exec base: 0x1000f000, Load base: 0x1000f000, Size: 0x00000f00, Max: 0x00000f00, ABSOLUTE, UNINIT)

    Exec Addr    Load Addr    Size         Type   Attr      Idx    E Section Name        Object

    0x1000f000        -       0x00000f00   Zero   RW         5433    .ARM.__AT_0x1000F000  malloc.o



  Load Region LR$$.ARM.__AT_0xC0000000 (Base: 0xc0000000, Size: 0x00000000, Max: 0x001f4000, ABSOLUTE)

    Execution Region ER$$.ARM.__AT_0xC0000000 (Exec base: 0xc0000000, Load base: 0xc0000000, Size: 0x001f4000, Max: 0x001f4000, ABSOLUTE, UNINIT)

    Exec Addr    Load Addr    Size         Type   Attr      Idx    E Section Name        Object

    0xc0000000        -       0x001f4000   Zero   RW         4754    .ARM.__AT_0xC0000000  ltdc.o



  Load Region LR$$.ARM.__AT_0xC01F4000 (Base: 0xc01f4000, Size: 0x00000000, Max: 0x01c3c000, ABSOLUTE)

    Execution Region ER$$.ARM.__AT_0xC01F4000 (Exec base: 0xc01f4000, Load base: 0xc01f4000, Size: 0x01c3c000, Max: 0x01c3c000, ABSOLUTE, UNINIT)

    Exec Addr    Load Addr    Size         Type   Attr      Idx    E Section Name        Object

    0xc01f4000        -       0x01c3c000   Zero   RW         5434    .ARM.__AT_0xC01F4000  malloc.o



  Load Region LR$$.ARM.__AT_0xC1E30000 (Base: 0xc1e30000, Size: 0x00000000, Max: 0x001c3c00, ABSOLUTE)

    Execution Region ER$$.ARM.__AT_0xC1E30000 (Exec base: 0xc1e30000, Load base: 0xc1e30000, Size: 0x001c3c00, Max: 0x001c3c00, ABSOLUTE, UNINIT)

    Exec Addr    Load Addr    Size         Type   Attr      Idx    E Section Name        Object

    0xc1e30000        -       0x001c3c00   Zero   RW         5435    .ARM.__AT_0xC1E30000  malloc.o


==============================================================================

Image component sizes


      Code (inc. data)   RO Data    RW Data    ZI Data      Debug   Object Name

       374         74          0          0         68       4434   adc.o
        16          0          0          0          0       3146   def.o
        98          8          0          4          0       2407   delay.o
      5888       2054        140          4         50      25508   dhcp.o
      3312       1306         80          1        200      16892   etharp.o
       674        144          0          0          0       8052   ethernetif.o
       220         14     104990          0        240       8660   fs.o
      4374       1558        154         36       1024      30457   httpd.o
      1278        346         54         16          0      10274   httpd_cgi_ssi.o
       904        458          0          0          0       4210   icmp.o
         0          0          0          0          0       3940   inet.o
       170          0          0          0          0       3317   inet_chksum.o
        30          0          0          0          0        656   init.o
       964        264          0         20          0       9289   ip.o
        46          0          8          0          0       7726   ip_addr.o
      2544        932          0          8          0      12532   ip_frag.o
       128         18          0          0          0       1207   key.o
       532         52          0         16         72       6214   lan8720.o
     11072        188      18240          8         94      21776   lcd.o
        76          8          0          0          0       1091   led.o
      1326        110          0          8    2048200      10772   ltdc.o
      1068        464          0         12         76      25694   lwip_comm.o
       808        284          0          0          0     524334   main.o
       396         42         36         36   31630336       7705   malloc.o
      1572        766          0         16          0       6045   mem.o
       470        282         40          4         40       4682   memp.o
       616         76          0          0          0       6018   myiic.o
       428        122          0         12          0       9667   netif.o
      3196       1632          0          0          0      11595   pbuf.o
       222          8          0          0          0       4251   pcf8574.o
       116         12          0          4          0       1912   raw.o
       324         60          0          0         32       6463   rtc.o
       428         38          0          0         52       3410   sdram.o
        64         26        428          0       1536        912   startup_stm32f429xx.o
       144         16          0          4          0       5664   stm32f4xx_hal.o
       956         36          0          0          0       5802   stm32f4xx_hal_adc.o
       218         14          0          0          0      31697   stm32f4xx_hal_cortex.o
      1778         66          0          0          0      11983   stm32f4xx_hal_eth.o
       496         54          0          0          0       3771   stm32f4xx_hal_gpio.o
       856          4          0          0          0       5437   stm32f4xx_hal_ltdc.o
        24          4          0          0          0        659   stm32f4xx_hal_pwr.o
       136         14          0          0          0       1532   stm32f4xx_hal_pwr_ex.o
      1572         72         16          0          0       7267   stm32f4xx_hal_rcc.o
       680         36          0          0          0       1904   stm32f4xx_hal_rcc_ex.o
      1000         32          0          0          0       9422   stm32f4xx_hal_rtc.o
        78          4          0          0          0       3561   stm32f4xx_hal_rtc_ex.o
       146          0          0          0          0       3184   stm32f4xx_hal_sdram.o
        86          0          0          0          0       1444   stm32f4xx_hal_sram.o
       636         44          0          0          0       7719   stm32f4xx_hal_tim.o
         4          0          0          0          0       2010   stm32f4xx_hal_tim_ex.o
      1092          8          0          0          0       8531   stm32f4xx_hal_uart.o
        20          0          0          0          0       5018   stm32f4xx_it.o
       560         20          0          0          0       6900   stm32f4xx_ll_fmc.o
       148         10          0          0          0       1943   sys.o
        12          6          0          0          0        590   sys_arch.o
        84         18          0         20          0       1385   system_stm32f4xx.o
      4572       1878        201         36          0      36420   tcp.o
      4504        994          0         28         16      18139   tcp_in.o
      4438       1422         85          0          0      18707   tcp_out.o
       140         34          0          0         60       3501   timer.o
       636        234          0         12          0       6866   timers.o
      1298        370          0          8          0      18041   udp.o
       358         54          0          8        264       6457   usart.o
      2840       1338         40         28         60       9467   usmart.o
         0          0        127        276          0       1840   usmart_config.o
      1058         20          0          0          0      10747   usmart_str.o

    ----------------------------------------------------------------------
     74370      18148     124684        628   33682428    1062856   Object Totals
         0          0         32          0          0          0   (incl. Generated)
        66          0         13          3          8          0   (incl. Padding)

    ----------------------------------------------------------------------

      Code (inc. data)   RO Data    RW Data    ZI Data      Debug   Library Member Name

        90          0          0          0          0          0   __dczerorl2.o
         8          0          0          0          0         68   __main.o
       392          4         17          0          0         92   __printf_flags_ss_wp.o
        14          0          0          0          0         68   __printf_wp.o
         0          0          0          0          0          0   __rtentry.o
        12          0          0          0          0          0   __rtentry2.o
         6          0          0          0          0          0   __rtentry4.o
        52          8          0          0          0          0   __scatter.o
        28          0          0          0          0          0   __scatter_zi.o
         6          0          0          0          0          0   _printf_c.o
        44          0          0          0          0        108   _printf_char.o
        48          6          0          0          0         96   _printf_char_common.o
        36          4          0          0          0         80   _printf_char_file.o
         6          0          0          0          0          0   _printf_d.o
       120         16          0          0          0         92   _printf_dec.o
        88          4         40          0          0         88   _printf_hex_int.o
       178          0          0          0          0         88   _printf_intcommon.o
        78          0          0          0          0        108   _printf_pad.o
         0          0          0          0          0          0   _printf_percent.o
         4          0          0          0          0          0   _printf_percent_end.o
         6          0          0          0          0          0   _printf_s.o
        82          0          0          0          0         80   _printf_str.o
         6          0          0          0          0          0   _printf_u.o
         6          0          0          0          0          0   _printf_x.o
        10          0          0          0          0         68   _sputc.o
        18          0          0          0          0         80   exit.o
         8          0          0          0          0         68   ferror.o
         6          0          0          0          0        152   heapauxi.o
         2          0          0          0          0          0   libinit.o
         6          0          0          0          0          0   libinit2.o
         2          0          0          0          0          0   libshutdown.o
         2          0          0          0          0          0   libshutdown2.o
         8          4          0          0         96         68   libspace.o
        88          0          0          0          0         76   memcmp.o
        24          4          0          0          0         84   noretval__2printf.o
        40          6          0          0          0         84   noretval__2sprintf.o
        78          0          0          0          0         80   rt_memclr_w.o
       138          0          0          0          0         68   rt_memcpy_v6.o
       100          0          0          0          0         80   rt_memcpy_w.o
         2          0          0          0          0          0   rtexit.o
        10          0          0          0          0          0   rtexit2.o
        20          0          0          0          0         68   strchr.o
       128          0          0          0          0         68   strcmpv7m.o
        62          0          0          0          0         76   strlen.o
       150          0          0          0          0         80   strncmp.o
        36          0          0          0          0         80   strstr.o
        74          0          0          0          0         80   sys_stackheap_outer.o
         2          0          0          0          0         68   use_no_semi.o
         2          0          0          0          0         68   use_no_semi_2.o
       804         16          0          0          0        368   daddsub_clz.o
       688        140          0          0          0        256   ddiv.o
        94          4          0          0          0        140   dfix.o
        90          4          0          0          0        140   dfixu.o
        38          0          0          0          0        116   dflt_clz.o
       340         12          0          0          0        152   dmul.o
       156          4          0          0          0        140   dnaninf.o
        12          0          0          0          0        116   dretinf.o
        86          4          0          0          0        132   f2d.o
       140          4          0          0          0        132   fnaninf.o
        10          0          0          0          0        116   fpinit.o
         0          0          0          0          0          0   usenofp.o

    ----------------------------------------------------------------------
      4794        244         60          0         96       4272   Library Totals
        10          0          3          0          0          0   (incl. Padding)

    ----------------------------------------------------------------------

      Code (inc. data)   RO Data    RW Data    ZI Data      Debug   Library Name

      2326         56         57          0         96       2464   c_w.l
      2458        188          0          0          0       1808   fz_wm.l

    ----------------------------------------------------------------------
      4794        244         60          0         96       4272   Library Totals

    ----------------------------------------------------------------------

==============================================================================


      Code (inc. data)   RO Data    RW Data    ZI Data      Debug   

     79164      18392     124744        628   33682524    1023476   Grand Totals
     79164      18392     124744        168   33682524    1023476   ELF Image Totals (compressed)
     79164      18392     124744        168          0          0   ROM Totals

==============================================================================

    Total RO  Size (Code + RO Data)               203908 ( 199.13kB)
    Total RW  Size (RW Data + ZI Data)          33683152 (32893.70kB)
    Total ROM Size (Code + RO Data + RW Data)     204076 ( 199.29kB)

==============================================================================

